Composer could not detect the root package (raid/source-characterization) version, defaulting to '1.0.0'. See https://getcomposer.org/root-version
No composer.lock file present. Updating dependencies to latest instead of installing from lock file. See https://getcomposer.org/install for more information.
Loading composer repositories with package information
Updating dependencies
Lock file operations: 133 installs, 0 updates, 0 removals
  - Locking brianium/paratest (v7.20.0)
  - Locking brick/math (0.14.8)
  - Locking carbonphp/carbon-doctrine-types (3.2.1)
  - Locking composer/pcre (3.4.0)
  - Locking composer/semver (3.5.0)
  - Locking composer/xdebug-handler (3.0.5)
  - Locking dflydev/dot-access-data (v3.0.3)
  - Locking doctrine/deprecations (1.1.6)
  - Locking doctrine/inflector (2.1.0)
  - Locking doctrine/lexer (3.0.3)
  - Locking dragonmantank/cron-expression (v3.6.0)
  - Locking egulias/email-validator (4.0.4)
  - Locking fakerphp/faker (v1.24.1)
  - Locking fidry/cpu-core-counter (1.4.1)
  - Locking filp/whoops (2.18.5)
  - Locking fruitcake/php-cors (v1.4.0)
  - Locking graham-campbell/result-type (v1.2.0)
  - Locking guzzlehttp/guzzle (7.15.5)
  - Locking guzzlehttp/promises (2.5.3)
  - Locking guzzlehttp/psr7 (2.13.1)
  - Locking guzzlehttp/uri-template (v1.0.11)
  - Locking hamcrest/hamcrest-php (v3.0.0)
  - Locking jean85/pretty-package-versions (2.1.1)
  - Locking laravel/framework (v12.69.3)
  - Locking laravel/pail (v1.2.7)
  - Locking laravel/pint (v1.32.1)
  - Locking laravel/prompts (v0.3.24)
  - Locking laravel/serializable-closure (v2.1.0)
  - Locking laravel/tinker (v2.11.1)
  - Locking league/commonmark (2.10.3)
  - Locking league/config (v1.2.0)
  - Locking league/flysystem (3.36.0)
  - Locking league/flysystem-local (3.35.3)
  - Locking league/mime-type-detection (1.17.0)
  - Locking league/uri (7.8.1)
  - Locking league/uri-interfaces (7.8.1)
  - Locking mockery/mockery (1.6.15)
  - Locking monolog/monolog (3.12.1)
  - Locking myclabs/deep-copy (1.14.0)
  - Locking nesbot/carbon (3.14.2)
  - Locking nette/schema (v1.3.6)
  - Locking nette/utils (v4.1.5)
  - Locking nikic/php-parser (v5.9.0)
  - Locking nunomaduro/collision (v8.9.5)
  - Locking nunomaduro/termwind (v2.4.0)
  - Locking orchestra/canvas (v10.2.1)
  - Locking orchestra/canvas-core (v10.2.0)
  - Locking orchestra/sidekick (v1.2.23)
  - Locking orchestra/testbench (v10.12.0)
  - Locking orchestra/testbench-core (v10.15.0)
  - Locking orchestra/workbench (v10.3.0)
  - Locking pestphp/pest (v4.7.8)
  - Locking pestphp/pest-plugin (v4.0.0)
  - Locking pestphp/pest-plugin-arch (v4.0.2)
  - Locking pestphp/pest-plugin-laravel (v4.1.0)
  - Locking pestphp/pest-plugin-mutate (v4.0.1)
  - Locking pestphp/pest-plugin-profanity (v4.2.1)
  - Locking phar-io/manifest (2.0.4)
  - Locking phar-io/version (3.2.1)
  - Locking phpdocumentor/reflection-common (2.2.1)
  - Locking phpdocumentor/reflection-docblock (6.0.3)
  - Locking phpdocumentor/type-resolver (2.1.0)
  - Locking phpoption/phpoption (1.10.0)
  - Locking phpstan/phpdoc-parser (2.3.6)
  - Locking phpunit/php-code-coverage (12.5.7)
  - Locking phpunit/php-file-iterator (6.0.2)
  - Locking phpunit/php-invoker (6.0.0)
  - Locking phpunit/php-text-template (5.0.0)
  - Locking phpunit/php-timer (8.0.0)
  - Locking phpunit/phpunit (12.5.33)
  - Locking psr/clock (1.0.0)
  - Locking psr/container (2.0.2)
  - Locking psr/event-dispatcher (1.0.0)
  - Locking psr/http-client (1.0.3)
  - Locking psr/http-factory (1.1.0)
  - Locking psr/http-message (2.0)
  - Locking psr/log (3.0.2)
  - Locking psr/simple-cache (3.0.0)
  - Locking psy/psysh (v0.12.24)
  - Locking ralouphie/getallheaders (3.0.3)
  - Locking ramsey/collection (2.1.1)
  - Locking ramsey/uuid (4.9.4)
  - Locking sebastian/cli-parser (4.2.1)
  - Locking sebastian/comparator (7.1.8)
  - Locking sebastian/complexity (5.0.0)
  - Locking sebastian/diff (7.0.1)
  - Locking sebastian/environment (8.1.2)
  - Locking sebastian/exporter (7.0.3)
  - Locking sebastian/global-state (8.0.3)
  - Locking sebastian/lines-of-code (4.0.1)
  - Locking sebastian/object-enumerator (7.0.0)
  - Locking sebastian/object-reflector (5.0.0)
  - Locking sebastian/recursion-context (7.0.1)
  - Locking sebastian/type (6.0.4)
  - Locking sebastian/version (6.0.0)
  - Locking staabm/side-effects-detector (1.0.5)
  - Locking symfony/clock (v8.1.0)
  - Locking symfony/console (v7.4.20)
  - Locking symfony/css-selector (v8.1.6)
  - Locking symfony/deprecation-contracts (v3.7.1)
  - Locking symfony/error-handler (v7.4.20)
  - Locking symfony/event-dispatcher (v8.1.5)
  - Locking symfony/event-dispatcher-contracts (v3.7.1)
  - Locking symfony/finder (v7.4.20)
  - Locking symfony/http-foundation (v7.4.20)
  - Locking symfony/http-kernel (v7.4.20)
  - Locking symfony/mailer (v7.4.19)
  - Locking symfony/mime (v7.4.19)
  - Locking symfony/polyfill-ctype (v1.37.0)
  - Locking symfony/polyfill-intl-grapheme (v1.43.0)
  - Locking symfony/polyfill-intl-idn (v1.43.0)
  - Locking symfony/polyfill-intl-normalizer (v1.43.0)
  - Locking symfony/polyfill-mbstring (v1.43.0)
  - Locking symfony/polyfill-php80 (v1.43.0)
  - Locking symfony/polyfill-php83 (v1.43.0)
  - Locking symfony/polyfill-php84 (v1.43.0)
  - Locking symfony/polyfill-php85 (v1.43.0)
  - Locking symfony/polyfill-uuid (v1.43.0)
  - Locking symfony/process (v7.4.19)
  - Locking symfony/routing (v7.4.20)
  - Locking symfony/service-contracts (v3.7.3)
  - Locking symfony/string (v8.1.7)
  - Locking symfony/translation (v8.1.5)
  - Locking symfony/translation-contracts (v3.7.1)
  - Locking symfony/uid (v7.4.20)
  - Locking symfony/var-dumper (v7.4.18)
  - Locking symfony/yaml (v7.4.20)
  - Locking ta-tikoma/phpunit-architecture-test (0.8.7)
  - Locking theseer/tokenizer (2.0.1)
  - Locking tijsverkoyen/css-to-inline-styles (v2.4.0)
  - Locking vlucas/phpdotenv (v5.7.0)
  - Locking voku/portable-ascii (2.1.1)
  - Locking webmozart/assert (2.4.1)
Writing lock file
Installing dependencies from lock file (including require-dev)
Package operations: 133 installs, 0 updates, 0 removals
  - Downloading pestphp/pest-plugin (v4.0.0)
  - Downloading symfony/process (v7.4.19)
  - Downloading symfony/polyfill-mbstring (v1.43.0)
  - Downloading symfony/polyfill-intl-normalizer (v1.43.0)
  - Downloading symfony/polyfill-intl-grapheme (v1.43.0)
  - Downloading symfony/polyfill-ctype (v1.37.0)
  - Downloading symfony/string (v8.1.7)
  - Downloading symfony/deprecation-contracts (v3.7.1)
  - Downloading psr/container (2.0.2)
  - Downloading symfony/service-contracts (v3.7.3)
  - Downloading symfony/console (v7.4.20)
  - Downloading sebastian/environment (8.1.2)
  - Downloading staabm/side-effects-detector (1.0.5)
  - Downloading sebastian/version (6.0.0)
  - Downloading sebastian/type (6.0.4)
  - Downloading sebastian/recursion-context (7.0.1)
  - Downloading sebastian/object-reflector (5.0.0)
  - Downloading sebastian/object-enumerator (7.0.0)
  - Downloading sebastian/global-state (8.0.3)
  - Downloading sebastian/exporter (7.0.3)
  - Downloading sebastian/diff (7.0.1)
  - Downloading sebastian/comparator (7.1.8)
  - Downloading sebastian/cli-parser (4.2.1)
  - Downloading phpunit/php-timer (8.0.0)
  - Downloading phpunit/php-text-template (5.0.0)
  - Downloading phpunit/php-invoker (6.0.0)
  - Downloading phpunit/php-file-iterator (6.0.2)
  - Downloading theseer/tokenizer (2.0.1)
  - Downloading nikic/php-parser (v5.9.0)
  - Downloading sebastian/lines-of-code (4.0.1)
  - Downloading sebastian/complexity (5.0.0)
  - Downloading phpunit/php-code-coverage (12.5.7)
  - Downloading phar-io/version (3.2.1)
  - Downloading phar-io/manifest (2.0.4)
  - Downloading myclabs/deep-copy (1.14.0)
  - Downloading phpunit/phpunit (12.5.33)
  - Downloading jean85/pretty-package-versions (2.1.1)
  - Downloading fidry/cpu-core-counter (1.4.1)
  - Downloading brianium/paratest (v7.20.0)
  - Downloading composer/semver (3.5.0)
  - Downloading psr/log (3.0.2)
  - Downloading composer/pcre (3.4.0)
  - Downloading composer/xdebug-handler (3.0.5)
  - Downloading doctrine/inflector (2.1.0)
  - Downloading doctrine/lexer (3.0.3)
  - Downloading dragonmantank/cron-expression (v3.6.0)
  - Downloading filp/whoops (2.18.5)
  - Downloading symfony/http-foundation (v7.4.20)
  - Downloading fruitcake/php-cors (v1.4.0)
  - Downloading symfony/polyfill-php80 (v1.43.0)
  - Downloading psr/http-message (2.0)
  - Downloading psr/http-client (1.0.3)
  - Downloading ralouphie/getallheaders (3.0.3)
  - Downloading psr/http-factory (1.1.0)
  - Downloading guzzlehttp/psr7 (2.13.1)
  - Downloading guzzlehttp/promises (2.5.3)
  - Downloading guzzlehttp/guzzle (7.15.5)
  - Downloading guzzlehttp/uri-template (v1.0.11)
  - Downloading hamcrest/hamcrest-php (v3.0.0)
  - Downloading laravel/pint (v1.32.1)
  - Downloading laravel/prompts (v0.3.24)
  - Downloading laravel/serializable-closure (v2.1.0)
  - Downloading psr/event-dispatcher (1.0.0)
  - Downloading nette/utils (v4.1.5)
  - Downloading nette/schema (v1.3.6)
  - Downloading dflydev/dot-access-data (v3.0.3)
  - Downloading league/config (v1.2.0)
  - Downloading league/commonmark (2.10.3)
  - Downloading league/mime-type-detection (1.17.0)
  - Downloading league/flysystem-local (3.35.3)
  - Downloading league/flysystem (3.36.0)
  - Downloading league/uri-interfaces (7.8.1)
  - Downloading league/uri (7.8.1)
  - Downloading monolog/monolog (3.12.1)
  - Downloading symfony/translation-contracts (v3.7.1)
  - Downloading symfony/translation (v8.1.5)
  - Downloading psr/clock (1.0.0)
  - Downloading symfony/clock (v8.1.0)
  - Downloading carbonphp/carbon-doctrine-types (3.2.1)
  - Downloading nesbot/carbon (3.14.2)
  - Downloading nunomaduro/termwind (v2.4.0)
  - Downloading phpoption/phpoption (1.10.0)
  - Downloading graham-campbell/result-type (v1.2.0)
  - Downloading vlucas/phpdotenv (v5.7.0)
  - Downloading symfony/yaml (v7.4.20)
  - Downloading symfony/polyfill-php83 (v1.43.0)
  - Downloading orchestra/sidekick (v1.2.23)
  - Downloading orchestra/testbench-core (v10.15.0)
  - Downloading voku/portable-ascii (2.1.1)
  - Downloading symfony/css-selector (v8.1.6)
  - Downloading tijsverkoyen/css-to-inline-styles (v2.4.0)
  - Downloading symfony/var-dumper (v7.4.18)
  - Downloading symfony/polyfill-uuid (v1.43.0)
  - Downloading symfony/uid (v7.4.20)
  - Downloading symfony/routing (v7.4.20)
  - Downloading symfony/polyfill-php85 (v1.43.0)
  - Downloading symfony/polyfill-php84 (v1.43.0)
  - Downloading symfony/polyfill-intl-idn (v1.43.0)
  - Downloading symfony/mime (v7.4.19)
  - Downloading symfony/event-dispatcher-contracts (v3.7.1)
  - Downloading symfony/event-dispatcher (v8.1.5)
  - Downloading egulias/email-validator (4.0.4)
  - Downloading symfony/mailer (v7.4.19)
  - Downloading symfony/error-handler (v7.4.20)
  - Downloading symfony/http-kernel (v7.4.20)
  - Downloading symfony/finder (v7.4.20)
  - Downloading ramsey/collection (2.1.1)
  - Downloading brick/math (0.14.8)
  - Downloading ramsey/uuid (4.9.4)
  - Downloading psr/simple-cache (3.0.0)
  - Downloading laravel/framework (v12.69.3)
  - Downloading orchestra/canvas-core (v10.2.0)
  - Downloading orchestra/canvas (v10.2.1)
  - Downloading nunomaduro/collision (v8.9.5)
  - Downloading psy/psysh (v0.12.24)
  - Downloading laravel/tinker (v2.11.1)
  - Downloading laravel/pail (v1.2.7)
  - Downloading fakerphp/faker (v1.24.1)
  - Downloading orchestra/workbench (v10.3.0)
  - Downloading mockery/mockery (1.6.15)
  - Downloading orchestra/testbench (v10.12.0)
  - Downloading webmozart/assert (2.4.1)
  - Downloading phpstan/phpdoc-parser (2.3.6)
  - Downloading phpdocumentor/reflection-common (2.2.1)
  - Downloading doctrine/deprecations (1.1.6)
  - Downloading phpdocumentor/type-resolver (2.1.0)
  - Downloading phpdocumentor/reflection-docblock (6.0.3)
  - Downloading ta-tikoma/phpunit-architecture-test (0.8.7)
  - Downloading pestphp/pest-plugin-arch (v4.0.2)
  - Downloading pestphp/pest-plugin-profanity (v4.2.1)
  - Downloading pestphp/pest-plugin-mutate (v4.0.1)
  - Downloading pestphp/pest (v4.7.8)
  - Downloading pestphp/pest-plugin-laravel (v4.1.0)
   0/133 [>---------------------------]   0%
   1/133 [>---------------------------]   0%
  15/133 [===>------------------------]  11%
  27/133 [=====>----------------------]  20%
  37/133 [=======>--------------------]  27%
  41/133 [========>-------------------]  30%
  54/133 [===========>----------------]  40%
  63/133 [=============>--------------]  47%
  68/133 [==============>-------------]  51%
  72/133 [===============>------------]  54%
  75/133 [===============>------------]  56%
  80/133 [================>-----------]  60%
  85/133 [=================>----------]  63%
  86/133 [==================>---------]  64%
  91/133 [===================>--------]  68%
  92/133 [===================>--------]  69%
  94/133 [===================>--------]  70%
  96/133 [====================>-------]  72%
 100/133 [=====================>------]  75%
 101/133 [=====================>------]  75%
 103/133 [=====================>------]  77%
 106/133 [======================>-----]  79%
 107/133 [======================>-----]  80%
 108/133 [======================>-----]  81%
 109/133 [======================>-----]  81%
 113/133 [=======================>----]  84%
 114/133 [========================>---]  85%
 115/133 [========================>---]  86%
 118/133 [========================>---]  88%
 119/133 [=========================>--]  89%
 120/133 [=========================>--]  90%
 122/133 [=========================>--]  91%
 123/133 [=========================>--]  92%
 126/133 [==========================>-]  94%
 129/133 [===========================>]  96%
 130/133 [===========================>]  97%
 131/133 [===========================>]  98%
 132/133 [===========================>]  99%
 133/133 [============================] 100%
  - Installing pestphp/pest-plugin (v4.0.0): Extracting archive
  - Installing symfony/process (v7.4.19): Extracting archive
  - Installing symfony/polyfill-mbstring (v1.43.0): Extracting archive
  - Installing symfony/polyfill-intl-normalizer (v1.43.0): Extracting archive
  - Installing symfony/polyfill-intl-grapheme (v1.43.0): Extracting archive
  - Installing symfony/polyfill-ctype (v1.37.0): Extracting archive
  - Installing symfony/string (v8.1.7): Extracting archive
  - Installing symfony/deprecation-contracts (v3.7.1): Extracting archive
  - Installing psr/container (2.0.2): Extracting archive
  - Installing symfony/service-contracts (v3.7.3): Extracting archive
  - Installing symfony/console (v7.4.20): Extracting archive
  - Installing sebastian/environment (8.1.2): Extracting archive
  - Installing staabm/side-effects-detector (1.0.5): Extracting archive
  - Installing sebastian/version (6.0.0): Extracting archive
  - Installing sebastian/type (6.0.4): Extracting archive
  - Installing sebastian/recursion-context (7.0.1): Extracting archive
  - Installing sebastian/object-reflector (5.0.0): Extracting archive
  - Installing sebastian/object-enumerator (7.0.0): Extracting archive
  - Installing sebastian/global-state (8.0.3): Extracting archive
  - Installing sebastian/exporter (7.0.3): Extracting archive
  - Installing sebastian/diff (7.0.1): Extracting archive
  - Installing sebastian/comparator (7.1.8): Extracting archive
  - Installing sebastian/cli-parser (4.2.1): Extracting archive
  - Installing phpunit/php-timer (8.0.0): Extracting archive
  - Installing phpunit/php-text-template (5.0.0): Extracting archive
  - Installing phpunit/php-invoker (6.0.0): Extracting archive
  - Installing phpunit/php-file-iterator (6.0.2): Extracting archive
  - Installing theseer/tokenizer (2.0.1): Extracting archive
  - Installing nikic/php-parser (v5.9.0): Extracting archive
  - Installing sebastian/lines-of-code (4.0.1): Extracting archive
  - Installing sebastian/complexity (5.0.0): Extracting archive
  - Installing phpunit/php-code-coverage (12.5.7): Extracting archive
  - Installing phar-io/version (3.2.1): Extracting archive
  - Installing phar-io/manifest (2.0.4): Extracting archive
  - Installing myclabs/deep-copy (1.14.0): Extracting archive
  - Installing phpunit/phpunit (12.5.33): Extracting archive
  - Installing jean85/pretty-package-versions (2.1.1): Extracting archive
  - Installing fidry/cpu-core-counter (1.4.1): Extracting archive
  - Installing brianium/paratest (v7.20.0): Extracting archive
  - Installing composer/semver (3.5.0): Extracting archive
  - Installing psr/log (3.0.2): Extracting archive
  - Installing composer/pcre (3.4.0): Extracting archive
  - Installing composer/xdebug-handler (3.0.5): Extracting archive
  - Installing doctrine/inflector (2.1.0): Extracting archive
  - Installing doctrine/lexer (3.0.3): Extracting archive
  - Installing dragonmantank/cron-expression (v3.6.0): Extracting archive
  - Installing filp/whoops (2.18.5): Extracting archive
  - Installing symfony/http-foundation (v7.4.20): Extracting archive
  - Installing fruitcake/php-cors (v1.4.0): Extracting archive
  - Installing symfony/polyfill-php80 (v1.43.0): Extracting archive
  - Installing psr/http-message (2.0): Extracting archive
  - Installing psr/http-client (1.0.3): Extracting archive
  - Installing ralouphie/getallheaders (3.0.3): Extracting archive
  - Installing psr/http-factory (1.1.0): Extracting archive
  - Installing guzzlehttp/psr7 (2.13.1): Extracting archive
  - Installing guzzlehttp/promises (2.5.3): Extracting archive
  - Installing guzzlehttp/guzzle (7.15.5): Extracting archive
  - Installing guzzlehttp/uri-template (v1.0.11): Extracting archive
  - Installing hamcrest/hamcrest-php (v3.0.0): Extracting archive
  - Installing laravel/pint (v1.32.1): Extracting archive
  - Installing laravel/prompts (v0.3.24): Extracting archive
  - Installing laravel/serializable-closure (v2.1.0): Extracting archive
  - Installing psr/event-dispatcher (1.0.0): Extracting archive
  - Installing nette/utils (v4.1.5): Extracting archive
  - Installing nette/schema (v1.3.6): Extracting archive
  - Installing dflydev/dot-access-data (v3.0.3): Extracting archive
  - Installing league/config (v1.2.0): Extracting archive
  - Installing league/commonmark (2.10.3): Extracting archive
  - Installing league/mime-type-detection (1.17.0): Extracting archive
  - Installing league/flysystem-local (3.35.3): Extracting archive
  - Installing league/flysystem (3.36.0): Extracting archive
  - Installing league/uri-interfaces (7.8.1): Extracting archive
  - Installing league/uri (7.8.1): Extracting archive
  - Installing monolog/monolog (3.12.1): Extracting archive
  - Installing symfony/translation-contracts (v3.7.1): Extracting archive
  - Installing symfony/translation (v8.1.5): Extracting archive
  - Installing psr/clock (1.0.0): Extracting archive
  - Installing symfony/clock (v8.1.0): Extracting archive
  - Installing carbonphp/carbon-doctrine-types (3.2.1): Extracting archive
  - Installing nesbot/carbon (3.14.2): Extracting archive
  - Installing nunomaduro/termwind (v2.4.0): Extracting archive
  - Installing phpoption/phpoption (1.10.0): Extracting archive
  - Installing graham-campbell/result-type (v1.2.0): Extracting archive
  - Installing vlucas/phpdotenv (v5.7.0): Extracting archive
  - Installing symfony/yaml (v7.4.20): Extracting archive
  - Installing symfony/polyfill-php83 (v1.43.0): Extracting archive
  - Installing orchestra/sidekick (v1.2.23): Extracting archive
  - Installing orchestra/testbench-core (v10.15.0): Extracting archive
  - Installing voku/portable-ascii (2.1.1): Extracting archive
  - Installing symfony/css-selector (v8.1.6): Extracting archive
  - Installing tijsverkoyen/css-to-inline-styles (v2.4.0): Extracting archive
  - Installing symfony/var-dumper (v7.4.18): Extracting archive
  - Installing symfony/polyfill-uuid (v1.43.0): Extracting archive
  - Installing symfony/uid (v7.4.20): Extracting archive
  - Installing symfony/routing (v7.4.20): Extracting archive
  - Installing symfony/polyfill-php85 (v1.43.0): Extracting archive
  - Installing symfony/polyfill-php84 (v1.43.0): Extracting archive
  - Installing symfony/polyfill-intl-idn (v1.43.0): Extracting archive
  - Installing symfony/mime (v7.4.19): Extracting archive
  - Installing symfony/event-dispatcher-contracts (v3.7.1): Extracting archive
  - Installing symfony/event-dispatcher (v8.1.5): Extracting archive
  - Installing egulias/email-validator (4.0.4): Extracting archive
  - Installing symfony/mailer (v7.4.19): Extracting archive
  - Installing symfony/error-handler (v7.4.20): Extracting archive
  - Installing symfony/http-kernel (v7.4.20): Extracting archive
  - Installing symfony/finder (v7.4.20): Extracting archive
  - Installing ramsey/collection (2.1.1): Extracting archive
  - Installing brick/math (0.14.8): Extracting archive
  - Installing ramsey/uuid (4.9.4): Extracting archive
  - Installing psr/simple-cache (3.0.0): Extracting archive
  - Installing laravel/framework (v12.69.3): Extracting archive
  - Installing orchestra/canvas-core (v10.2.0): Extracting archive
  - Installing orchestra/canvas (v10.2.1): Extracting archive
  - Installing nunomaduro/collision (v8.9.5): Extracting archive
  - Installing psy/psysh (v0.12.24): Extracting archive
  - Installing laravel/tinker (v2.11.1): Extracting archive
  - Installing laravel/pail (v1.2.7): Extracting archive
  - Installing fakerphp/faker (v1.24.1): Extracting archive
  - Installing orchestra/workbench (v10.3.0): Extracting archive
  - Installing mockery/mockery (1.6.15): Extracting archive
  - Installing orchestra/testbench (v10.12.0): Extracting archive
  - Installing webmozart/assert (2.4.1): Extracting archive
  - Installing phpstan/phpdoc-parser (2.3.6): Extracting archive
  - Installing phpdocumentor/reflection-common (2.2.1): Extracting archive
  - Installing doctrine/deprecations (1.1.6): Extracting archive
  - Installing phpdocumentor/type-resolver (2.1.0): Extracting archive
  - Installing phpdocumentor/reflection-docblock (6.0.3): Extracting archive
  - Installing ta-tikoma/phpunit-architecture-test (0.8.7): Extracting archive
  - Installing pestphp/pest-plugin-arch (v4.0.2): Extracting archive
  - Installing pestphp/pest-plugin-profanity (v4.2.1): Extracting archive
  - Installing pestphp/pest-plugin-mutate (v4.0.1): Extracting archive
  - Installing pestphp/pest (v4.7.8): Extracting archive
  - Installing pestphp/pest-plugin-laravel (v4.1.0): Extracting archive
   0/132 [>---------------------------]   0%
  27/132 [=====>----------------------]  20%
  52/132 [===========>----------------]  39%
  61/132 [============>---------------]  46%
  73/132 [===============>------------]  55%
  82/132 [=================>----------]  62%
  94/132 [===================>--------]  71%
 112/132 [=======================>----]  84%
 120/132 [=========================>--]  90%
 132/132 [============================] 100%
49 package suggestions were added by new dependencies, use `composer suggest` to see details.
Generating autoload files
89 packages you are using are looking for funding.
Use the `composer fund` command to find out more!
