Composer could not detect the root package (raid/catalog) version, defaulting to '1.0.0'. See https://getcomposer.org/root-version
No composer.lock file present. Updating dependencies to latest instead of installing from lock file. See https://getcomposer.org/install for more information.
Loading composer repositories with package information
Updating dependencies
Lock file operations: 151 installs, 0 updates, 0 removals
  - Locking brianium/paratest (v7.20.0)
  - Locking brick/math (0.14.8)
  - Locking carbonphp/carbon-doctrine-types (3.2.1)
  - Locking composer/ca-bundle (1.5.14)
  - Locking composer/class-map-generator (1.8.0)
  - Locking composer/composer (2.10.3)
  - Locking composer/metadata-minifier (1.0.1)
  - Locking composer/pcre (3.4.0)
  - Locking composer/semver (3.5.0)
  - Locking composer/spdx-licenses (1.6.0)
  - Locking composer/xdebug-handler (3.0.5)
  - Locking dflydev/dot-access-data (v3.0.3)
  - Locking doctrine/deprecations (1.1.6)
  - Locking doctrine/inflector (2.1.0)
  - Locking doctrine/lexer (3.0.3)
  - Locking dragonmantank/cron-expression (v3.6.0)
  - Locking egulias/email-validator (4.0.4)
  - Locking fakerphp/faker (v1.24.1)
  - Locking fidry/cpu-core-counter (1.4.1)
  - Locking filp/whoops (2.18.5)
  - Locking fruitcake/php-cors (v1.4.0)
  - Locking graham-campbell/result-type (v1.2.0)
  - Locking guzzlehttp/guzzle (7.15.5)
  - Locking guzzlehttp/promises (2.5.3)
  - Locking guzzlehttp/psr7 (2.13.1)
  - Locking guzzlehttp/uri-template (v1.0.11)
  - Locking hamcrest/hamcrest-php (v3.0.0)
  - Locking internachi/modular (2.3.0)
  - Locking jean85/pretty-package-versions (2.1.1)
  - Locking justinrainbow/json-schema (6.13.1)
  - Locking laravel/framework (v12.69.3)
  - Locking laravel/pail (v1.2.7)
  - Locking laravel/pint (v1.32.1)
  - Locking laravel/prompts (v0.3.24)
  - Locking laravel/serializable-closure (v2.1.0)
  - Locking laravel/tinker (v2.11.1)
  - Locking league/commonmark (2.10.3)
  - Locking league/config (v1.2.0)
  - Locking league/flysystem (3.36.0)
  - Locking league/flysystem-local (3.35.3)
  - Locking league/mime-type-detection (1.17.0)
  - Locking league/uri (7.8.1)
  - Locking league/uri-interfaces (7.8.1)
  - Locking marc-mabe/php-enum (v4.7.2)
  - Locking mockery/mockery (1.6.15)
  - Locking monolog/monolog (3.12.1)
  - Locking myclabs/deep-copy (1.14.0)
  - Locking nesbot/carbon (3.14.2)
  - Locking nette/schema (v1.3.6)
  - Locking nette/utils (v4.1.5)
  - Locking nikic/php-parser (v5.9.0)
  - Locking nunomaduro/collision (v8.9.5)
  - Locking nunomaduro/termwind (v2.4.0)
  - Locking orchestra/canvas (v10.2.1)
  - Locking orchestra/canvas-core (v10.2.0)
  - Locking orchestra/sidekick (v1.2.23)
  - Locking orchestra/testbench (v10.12.0)
  - Locking orchestra/testbench-core (v10.15.0)
  - Locking orchestra/workbench (v10.3.0)
  - Locking pestphp/pest (v4.7.8)
  - Locking pestphp/pest-plugin (v4.0.0)
  - Locking pestphp/pest-plugin-arch (v4.0.2)
  - Locking pestphp/pest-plugin-laravel (v4.1.0)
  - Locking pestphp/pest-plugin-mutate (v4.0.1)
  - Locking pestphp/pest-plugin-profanity (v4.2.1)
  - Locking phar-io/manifest (2.0.4)
  - Locking phar-io/version (3.2.1)
  - Locking phpdocumentor/reflection-common (2.2.1)
  - Locking phpdocumentor/reflection-docblock (6.0.3)
  - Locking phpdocumentor/type-resolver (2.1.0)
  - Locking phpoption/phpoption (1.10.0)
  - Locking phpstan/phpdoc-parser (2.3.6)
  - Locking phpunit/php-code-coverage (12.5.7)
  - Locking phpunit/php-file-iterator (6.0.2)
  - Locking phpunit/php-invoker (6.0.0)
  - Locking phpunit/php-text-template (5.0.0)
  - Locking phpunit/php-timer (8.0.0)
  - Locking phpunit/phpunit (12.5.33)
  - Locking psr/clock (1.0.0)
  - Locking psr/container (2.0.2)
  - Locking psr/event-dispatcher (1.0.0)
  - Locking psr/http-client (1.0.3)
  - Locking psr/http-factory (1.1.0)
  - Locking psr/http-message (2.0)
  - Locking psr/log (3.0.2)
  - Locking psr/simple-cache (3.0.0)
  - Locking psy/psysh (v0.12.24)
  - Locking raid/pillar (dev-main)
  - Locking ralouphie/getallheaders (3.0.3)
  - Locking ramsey/collection (2.1.1)
  - Locking ramsey/uuid (4.9.4)
  - Locking react/promise (v3.3.0)
  - Locking sebastian/cli-parser (4.2.1)
  - Locking sebastian/comparator (7.1.8)
  - Locking sebastian/complexity (5.0.0)
  - Locking sebastian/diff (7.0.1)
  - Locking sebastian/environment (8.1.2)
  - Locking sebastian/exporter (7.0.3)
  - Locking sebastian/global-state (8.0.3)
  - Locking sebastian/lines-of-code (4.0.1)
  - Locking sebastian/object-enumerator (7.0.0)
  - Locking sebastian/object-reflector (5.0.0)
  - Locking sebastian/recursion-context (7.0.1)
  - Locking sebastian/type (6.0.4)
  - Locking sebastian/version (6.0.0)
  - Locking seld/jsonlint (1.12.1)
  - Locking seld/phar-utils (1.2.3)
  - Locking seld/signal-handler (2.0.2)
  - Locking spatie/laravel-package-tools (1.93.3)
  - Locking spatie/laravel-translatable (6.14.1)
  - Locking staabm/side-effects-detector (1.0.5)
  - Locking symfony/clock (v8.1.0)
  - Locking symfony/console (v7.4.20)
  - Locking symfony/css-selector (v8.1.6)
  - Locking symfony/deprecation-contracts (v3.7.1)
  - Locking symfony/error-handler (v7.4.20)
  - Locking symfony/event-dispatcher (v8.1.5)
  - Locking symfony/event-dispatcher-contracts (v3.7.1)
  - Locking symfony/filesystem (v8.1.6)
  - Locking symfony/finder (v7.4.20)
  - Locking symfony/http-foundation (v7.4.20)
  - Locking symfony/http-kernel (v7.4.20)
  - Locking symfony/mailer (v7.4.19)
  - Locking symfony/mime (v7.4.19)
  - Locking symfony/polyfill-ctype (v1.37.0)
  - Locking symfony/polyfill-intl-grapheme (v1.43.0)
  - Locking symfony/polyfill-intl-idn (v1.43.0)
  - Locking symfony/polyfill-intl-normalizer (v1.43.0)
  - Locking symfony/polyfill-mbstring (v1.43.0)
  - Locking symfony/polyfill-php73 (v1.37.0)
  - Locking symfony/polyfill-php80 (v1.43.0)
  - Locking symfony/polyfill-php81 (v1.38.1)
  - Locking symfony/polyfill-php83 (v1.43.0)
  - Locking symfony/polyfill-php84 (v1.43.0)
  - Locking symfony/polyfill-php85 (v1.43.0)
  - Locking symfony/polyfill-uuid (v1.43.0)
  - Locking symfony/process (v7.4.19)
  - Locking symfony/routing (v7.4.20)
  - Locking symfony/service-contracts (v3.7.3)
  - Locking symfony/string (v8.1.7)
  - Locking symfony/translation (v8.1.5)
  - Locking symfony/translation-contracts (v3.7.1)
  - Locking symfony/uid (v7.4.20)
  - Locking symfony/var-dumper (v7.4.18)
  - Locking symfony/yaml (v7.4.20)
  - Locking ta-tikoma/phpunit-architecture-test (0.8.7)
  - Locking theseer/tokenizer (2.0.1)
  - Locking tijsverkoyen/css-to-inline-styles (v2.4.0)
  - Locking vlucas/phpdotenv (v5.7.0)
  - Locking voku/portable-ascii (2.1.1)
  - Locking webmozart/assert (2.4.1)
Writing lock file
Installing dependencies from lock file (including require-dev)
Package operations: 151 installs, 0 updates, 0 removals
  - Downloading pestphp/pest-plugin (v4.0.0)
  - Downloading symfony/process (v7.4.19)
  - Downloading symfony/polyfill-mbstring (v1.43.0)
  - Downloading symfony/polyfill-intl-normalizer (v1.43.0)
  - Downloading symfony/polyfill-intl-grapheme (v1.43.0)
  - Downloading symfony/polyfill-ctype (v1.37.0)
  - Downloading symfony/string (v8.1.7)
  - Downloading symfony/deprecation-contracts (v3.7.1)
  - Downloading psr/container (2.0.2)
  - Downloading symfony/service-contracts (v3.7.3)
  - Downloading symfony/console (v7.4.20)
  - Downloading sebastian/environment (8.1.2)
  - Downloading staabm/side-effects-detector (1.0.5)
  - Downloading sebastian/version (6.0.0)
  - Downloading sebastian/type (6.0.4)
  - Downloading sebastian/recursion-context (7.0.1)
  - Downloading sebastian/object-reflector (5.0.0)
  - Downloading sebastian/object-enumerator (7.0.0)
  - Downloading sebastian/global-state (8.0.3)
  - Downloading sebastian/exporter (7.0.3)
  - Downloading sebastian/diff (7.0.1)
  - Downloading sebastian/comparator (7.1.8)
  - Downloading sebastian/cli-parser (4.2.1)
  - Downloading phpunit/php-timer (8.0.0)
  - Downloading phpunit/php-text-template (5.0.0)
  - Downloading phpunit/php-invoker (6.0.0)
  - Downloading phpunit/php-file-iterator (6.0.2)
  - Downloading theseer/tokenizer (2.0.1)
  - Downloading nikic/php-parser (v5.9.0)
  - Downloading sebastian/lines-of-code (4.0.1)
  - Downloading sebastian/complexity (5.0.0)
  - Downloading phpunit/php-code-coverage (12.5.7)
  - Downloading phar-io/version (3.2.1)
  - Downloading phar-io/manifest (2.0.4)
  - Downloading myclabs/deep-copy (1.14.0)
  - Downloading phpunit/phpunit (12.5.33)
  - Downloading jean85/pretty-package-versions (2.1.1)
  - Downloading fidry/cpu-core-counter (1.4.1)
  - Downloading brianium/paratest (v7.20.0)
  - Downloading symfony/polyfill-php84 (v1.43.0)
  - Downloading symfony/polyfill-php81 (v1.38.1)
  - Downloading symfony/polyfill-php80 (v1.43.0)
  - Downloading symfony/polyfill-php73 (v1.37.0)
  - Downloading symfony/finder (v7.4.20)
  - Downloading symfony/filesystem (v8.1.6)
  - Downloading seld/signal-handler (2.0.2)
  - Downloading seld/phar-utils (1.2.3)
  - Downloading seld/jsonlint (1.12.1)
  - Downloading react/promise (v3.3.0)
  - Downloading psr/log (3.0.2)
  - Downloading marc-mabe/php-enum (v4.7.2)
  - Downloading justinrainbow/json-schema (6.13.1)
  - Downloading composer/pcre (3.4.0)
  - Downloading composer/xdebug-handler (3.0.5)
  - Downloading composer/spdx-licenses (1.6.0)
  - Downloading composer/semver (3.5.0)
  - Downloading composer/metadata-minifier (1.0.1)
  - Downloading composer/class-map-generator (1.8.0)
  - Downloading composer/ca-bundle (1.5.14)
  - Downloading composer/composer (2.10.3)
  - Downloading doctrine/inflector (2.1.0)
  - Downloading doctrine/lexer (3.0.3)
  - Downloading dragonmantank/cron-expression (v3.6.0)
  - Downloading filp/whoops (2.18.5)
  - Downloading symfony/http-foundation (v7.4.20)
  - Downloading fruitcake/php-cors (v1.4.0)
  - Downloading psr/http-message (2.0)
  - Downloading psr/http-client (1.0.3)
  - Downloading ralouphie/getallheaders (3.0.3)
  - Downloading psr/http-factory (1.1.0)
  - Downloading guzzlehttp/psr7 (2.13.1)
  - Downloading guzzlehttp/promises (2.5.3)
  - Downloading guzzlehttp/guzzle (7.15.5)
  - Downloading guzzlehttp/uri-template (v1.0.11)
  - Downloading hamcrest/hamcrest-php (v3.0.0)
  - Downloading laravel/pint (v1.32.1)
  - Downloading laravel/prompts (v0.3.24)
  - Downloading laravel/serializable-closure (v2.1.0)
  - Downloading psr/event-dispatcher (1.0.0)
  - Downloading nette/utils (v4.1.5)
  - Downloading nette/schema (v1.3.6)
  - Downloading dflydev/dot-access-data (v3.0.3)
  - Downloading league/config (v1.2.0)
  - Downloading league/commonmark (2.10.3)
  - Downloading league/mime-type-detection (1.17.0)
  - Downloading league/flysystem-local (3.35.3)
  - Downloading league/flysystem (3.36.0)
  - Downloading league/uri-interfaces (7.8.1)
  - Downloading league/uri (7.8.1)
  - Downloading monolog/monolog (3.12.1)
  - Downloading symfony/translation-contracts (v3.7.1)
  - Downloading symfony/translation (v8.1.5)
  - Downloading psr/clock (1.0.0)
  - Downloading symfony/clock (v8.1.0)
  - Downloading carbonphp/carbon-doctrine-types (3.2.1)
  - Downloading nesbot/carbon (3.14.2)
  - Downloading nunomaduro/termwind (v2.4.0)
  - Downloading phpoption/phpoption (1.10.0)
  - Downloading graham-campbell/result-type (v1.2.0)
  - Downloading vlucas/phpdotenv (v5.7.0)
  - Downloading symfony/yaml (v7.4.20)
  - Downloading symfony/polyfill-php83 (v1.43.0)
  - Downloading orchestra/sidekick (v1.2.23)
  - Downloading orchestra/testbench-core (v10.15.0)
  - Downloading voku/portable-ascii (2.1.1)
  - Downloading symfony/css-selector (v8.1.6)
  - Downloading tijsverkoyen/css-to-inline-styles (v2.4.0)
  - Downloading symfony/var-dumper (v7.4.18)
  - Downloading symfony/polyfill-uuid (v1.43.0)
  - Downloading symfony/uid (v7.4.20)
  - Downloading symfony/routing (v7.4.20)
  - Downloading symfony/polyfill-php85 (v1.43.0)
  - Downloading symfony/polyfill-intl-idn (v1.43.0)
  - Downloading symfony/mime (v7.4.19)
  - Downloading symfony/event-dispatcher-contracts (v3.7.1)
  - Downloading symfony/event-dispatcher (v8.1.5)
  - Downloading egulias/email-validator (4.0.4)
  - Downloading symfony/mailer (v7.4.19)
  - Downloading symfony/error-handler (v7.4.20)
  - Downloading symfony/http-kernel (v7.4.20)
  - Downloading ramsey/collection (2.1.1)
  - Downloading brick/math (0.14.8)
  - Downloading ramsey/uuid (4.9.4)
  - Downloading psr/simple-cache (3.0.0)
  - Downloading laravel/framework (v12.69.3)
  - Downloading orchestra/canvas-core (v10.2.0)
  - Downloading orchestra/canvas (v10.2.1)
  - Downloading nunomaduro/collision (v8.9.5)
  - Downloading psy/psysh (v0.12.24)
  - Downloading laravel/tinker (v2.11.1)
  - Downloading laravel/pail (v1.2.7)
  - Downloading fakerphp/faker (v1.24.1)
  - Downloading orchestra/workbench (v10.3.0)
  - Downloading mockery/mockery (1.6.15)
  - Downloading orchestra/testbench (v10.12.0)
  - Downloading webmozart/assert (2.4.1)
  - Downloading phpstan/phpdoc-parser (2.3.6)
  - Downloading phpdocumentor/reflection-common (2.2.1)
  - Downloading doctrine/deprecations (1.1.6)
  - Downloading phpdocumentor/type-resolver (2.1.0)
  - Downloading phpdocumentor/reflection-docblock (6.0.3)
  - Downloading ta-tikoma/phpunit-architecture-test (0.8.7)
  - Downloading pestphp/pest-plugin-arch (v4.0.2)
  - Downloading pestphp/pest-plugin-profanity (v4.2.1)
  - Downloading pestphp/pest-plugin-mutate (v4.0.1)
  - Downloading pestphp/pest (v4.7.8)
  - Downloading pestphp/pest-plugin-laravel (v4.1.0)
  - Downloading internachi/modular (2.3.0)
  - Downloading spatie/laravel-package-tools (1.93.3)
  - Downloading spatie/laravel-translatable (6.14.1)
   0/150 [>---------------------------]   0%
   8/150 [=>--------------------------]   5%
  15/150 [==>-------------------------]  10%
  30/150 [=====>----------------------]  20%
  43/150 [========>-------------------]  28%
  45/150 [========>-------------------]  30%
  47/150 [========>-------------------]  31%
  51/150 [=========>------------------]  34%
  56/150 [==========>-----------------]  37%
  60/150 [===========>----------------]  40%
  65/150 [============>---------------]  43%
  68/150 [============>---------------]  45%
  71/150 [=============>--------------]  47%
  72/150 [=============>--------------]  48%
  75/150 [==============>-------------]  50%
  83/150 [===============>------------]  55%
  85/150 [===============>------------]  56%
  89/150 [================>-----------]  59%
  90/150 [================>-----------]  60%
  91/150 [================>-----------]  60%
  96/150 [=================>----------]  64%
 101/150 [==================>---------]  67%
 102/150 [===================>--------]  68%
 103/150 [===================>--------]  68%
 105/150 [===================>--------]  70%
 106/150 [===================>--------]  70%
 108/150 [====================>-------]  72%
 112/150 [====================>-------]  74%
 115/150 [=====================>------]  76%
 119/150 [======================>-----]  79%
 120/150 [======================>-----]  80%
 122/150 [======================>-----]  81%
 126/150 [=======================>----]  84%
 128/150 [=======================>----]  85%
 129/150 [========================>---]  86%
 131/150 [========================>---]  87%
 133/150 [========================>---]  88%
 134/150 [=========================>--]  89%
 135/150 [=========================>--]  90%
 140/150 [==========================>-]  93%
 141/150 [==========================>-]  94%
 144/150 [==========================>-]  96%
 145/150 [===========================>]  96%
 147/150 [===========================>]  98%
 148/150 [===========================>]  98%
 149/150 [===========================>]  99%
 150/150 [============================] 100%
In Filesystem.php line 372:
                                                                               
  copy(/workspace/.composer-cache/files/spatie/laravel-package-tools/3932328c  
  1d9bd9c0fd942b4dfb5317e86fd43fb1.zip): Failed to open stream: Permission de  
  nied                                                                         
                                                                               

install [--prefer-source] [--prefer-dist] [--prefer-install PREFER-INSTALL] [--dry-run] [--download-only] [--dev] [--no-suggest] [--no-dev] [--no-autoloader] [--no-progress] [--no-install] [--audit] [--audit-format AUDIT-FORMAT] [-v|vv|vvv|--verbose] [-o|--optimize-autoloader] [-a|--classmap-authoritative] [--apcu-autoloader] [--apcu-autoloader-prefix APCU-AUTOLOADER-PREFIX] [--ignore-platform-req IGNORE-PLATFORM-REQ] [--ignore-platform-reqs] [--] [<packages>...]

