The repository at "/workspace/consumer-example" does not have the correct ownership and git refuses to use it:

fatal: detected dubious ownership in repository at '/workspace'
To add an exception for this directory, call:

git config --global --add safe.directory /workspace

Installing dependencies from lock file (including require-dev)
Verifying lock file contents can be installed on current platform.
Package operations: 133 installs, 0 updates, 0 removals
  - Downloading symfony/yaml (v8.1.8)
  - Downloading laravel/sail (v1.68.0)
  - Downloading sebastian/version (5.0.2)
  - Downloading sebastian/type (5.1.3)
  - Downloading sebastian/recursion-context (6.0.3)
  - Downloading sebastian/object-reflector (4.0.1)
  - Downloading sebastian/object-enumerator (6.0.1)
  - Downloading sebastian/global-state (7.0.2)
  - Downloading sebastian/exporter (6.3.2)
  - Downloading sebastian/environment (7.2.1)
  - Downloading sebastian/diff (6.0.2)
  - Downloading sebastian/comparator (6.3.3)
  - Downloading sebastian/code-unit (3.0.3)
  - Downloading sebastian/cli-parser (3.0.2)
  - Downloading phpunit/php-timer (7.0.1)
  - Downloading phpunit/php-text-template (4.0.1)
  - Downloading phpunit/php-invoker (5.0.1)
  - Downloading phpunit/php-file-iterator (5.1.1)
  - Downloading theseer/tokenizer (1.3.1)
  - Downloading sebastian/lines-of-code (3.0.1)
  - Downloading sebastian/complexity (4.0.1)
  - Downloading sebastian/code-unit-reverse-lookup (4.0.1)
  - Downloading phpunit/php-code-coverage (11.0.12)
  - Downloading phpunit/phpunit (11.5.56)
  0/24 [>---------------------------]   0%
  8/24 [=========>------------------]  33%
 10/24 [===========>----------------]  41%
 14/24 [================>-----------]  58%
 18/24 [=====================>------]  75%
 21/24 [========================>---]  87%
 23/24 [==========================>-]  95%
 24/24 [============================] 100%
  - Installing symfony/process (v7.4.19): Extracting archive
  - Installing symfony/polyfill-php84 (v1.43.0): Extracting archive
  - Installing symfony/polyfill-php81 (v1.38.1): Extracting archive
  - Installing symfony/polyfill-php80 (v1.43.0): Extracting archive
  - Installing symfony/polyfill-php73 (v1.37.0): Extracting archive
  - Installing symfony/finder (v7.4.20): Extracting archive
  - Installing symfony/polyfill-mbstring (v1.43.0): Extracting archive
  - Installing symfony/polyfill-ctype (v1.37.0): Extracting archive
  - Installing symfony/deprecation-contracts (v3.7.1): Extracting archive
  - Installing symfony/filesystem (v8.1.6): Extracting archive
  - Installing symfony/polyfill-intl-normalizer (v1.43.0): Extracting archive
  - Installing symfony/polyfill-intl-grapheme (v1.43.0): Extracting archive
  - Installing symfony/string (v8.1.7): Extracting archive
  - Installing psr/container (2.0.2): Extracting archive
  - Installing symfony/service-contracts (v3.7.3): Extracting archive
  - Installing symfony/console (v7.4.20): Extracting archive
  - Installing seld/signal-handler (2.0.2): Extracting archive
  - Installing seld/phar-utils (1.2.3): Extracting archive
  - Installing seld/jsonlint (1.12.1): Extracting archive
  - Installing react/promise (v3.3.0): Extracting archive
  - Installing psr/log (3.0.2): Extracting archive
  - Installing marc-mabe/php-enum (v4.7.2): Extracting archive
  - Installing justinrainbow/json-schema (6.13.1): Extracting archive
  - Installing composer/pcre (3.4.0): Extracting archive
  - Installing composer/xdebug-handler (3.0.5): Extracting archive
  - Installing composer/spdx-licenses (1.6.0): Extracting archive
  - Installing composer/semver (3.5.0): Extracting archive
  - Installing composer/metadata-minifier (1.0.1): Extracting archive
  - Installing composer/class-map-generator (1.8.0): Extracting archive
  - Installing composer/ca-bundle (1.5.14): Extracting archive
  - Installing composer/composer (2.10.3): Extracting archive
  - Installing doctrine/inflector (2.1.0): Extracting archive
  - Installing doctrine/lexer (3.0.3): Extracting archive
  - Installing dragonmantank/cron-expression (v3.6.0): Extracting archive
  - Installing fakerphp/faker (v1.24.1): Extracting archive
  - Installing symfony/http-foundation (v7.4.20): Extracting archive
  - Installing fruitcake/php-cors (v1.4.0): Extracting archive
  - Installing psr/http-message (2.0): Extracting archive
  - Installing psr/http-client (1.0.3): Extracting archive
  - Installing ralouphie/getallheaders (3.0.3): Extracting archive
  - Installing psr/http-factory (1.1.0): Extracting archive
  - Installing guzzlehttp/psr7 (2.13.1): Extracting archive
  - Installing guzzlehttp/promises (2.5.3): Extracting archive
  - Installing guzzlehttp/guzzle (7.15.5): Extracting archive
  - Installing guzzlehttp/uri-template (v1.0.11): Extracting archive
  - Installing nunomaduro/termwind (v2.4.0): Extracting archive
  - Installing voku/portable-ascii (2.1.1): Extracting archive
  - Installing phpoption/phpoption (1.10.0): Extracting archive
  - Installing graham-campbell/result-type (v1.2.0): Extracting archive
  - Installing vlucas/phpdotenv (v5.7.0): Extracting archive
  - Installing symfony/css-selector (v8.1.6): Extracting archive
  - Installing tijsverkoyen/css-to-inline-styles (v2.4.0): Extracting archive
  - Installing symfony/var-dumper (v7.4.18): Extracting archive
  - Installing symfony/polyfill-uuid (v1.43.0): Extracting archive
  - Installing symfony/uid (v7.4.20): Extracting archive
  - Installing symfony/routing (v7.4.20): Extracting archive
  - Installing symfony/polyfill-php85 (v1.43.0): Extracting archive
  - Installing symfony/polyfill-php83 (v1.43.0): Extracting archive
  - Installing symfony/polyfill-intl-idn (v1.43.0): Extracting archive
  - Installing symfony/mime (v7.4.19): Extracting archive
  - Installing psr/event-dispatcher (1.0.0): Extracting archive
  - Installing symfony/event-dispatcher-contracts (v3.7.1): Extracting archive
  - Installing symfony/event-dispatcher (v8.1.5): Extracting archive
  - Installing egulias/email-validator (4.0.4): Extracting archive
  - Installing symfony/mailer (v7.4.19): Extracting archive
  - Installing symfony/error-handler (v7.4.20): Extracting archive
  - Installing symfony/http-kernel (v7.4.20): Extracting archive
  - Installing ramsey/collection (2.1.1): Extracting archive
  - Installing brick/math (0.14.8): Extracting archive
  - Installing ramsey/uuid (4.9.4): Extracting archive
  - Installing psr/simple-cache (3.0.0): Extracting archive
  - Installing symfony/translation-contracts (v3.7.1): Extracting archive
  - Installing symfony/translation (v8.1.5): Extracting archive
  - Installing psr/clock (1.0.0): Extracting archive
  - Installing symfony/clock (v8.1.0): Extracting archive
  - Installing carbonphp/carbon-doctrine-types (3.2.1): Extracting archive
  - Installing nesbot/carbon (3.14.2): Extracting archive
  - Installing monolog/monolog (3.12.1): Extracting archive
  - Installing league/uri-interfaces (7.8.1): Extracting archive
  - Installing league/uri (7.8.1): Extracting archive
  - Installing league/mime-type-detection (1.17.0): Extracting archive
  - Installing league/flysystem-local (3.35.3): Extracting archive
  - Installing league/flysystem (3.36.0): Extracting archive
  - Installing nette/utils (v4.1.5): Extracting archive
  - Installing nette/schema (v1.3.6): Extracting archive
  - Installing dflydev/dot-access-data (v3.0.3): Extracting archive
  - Installing league/config (v1.2.0): Extracting archive
  - Installing league/commonmark (2.10.3): Extracting archive
  - Installing laravel/serializable-closure (v2.1.0): Extracting archive
  - Installing laravel/prompts (v0.3.24): Extracting archive
  - Installing laravel/framework (v12.69.3): Extracting archive
  - Installing laravel/pail (v1.2.7): Extracting archive
  - Installing laravel/pint (v1.32.1): Extracting archive
  - Installing symfony/yaml (v8.1.8): Extracting archive
  - Installing laravel/sail (v1.68.0): Extracting archive
  - Installing nikic/php-parser (v5.9.0): Extracting archive
  - Installing psy/psysh (v0.12.24): Extracting archive
  - Installing laravel/tinker (v2.11.1): Extracting archive
  - Installing hamcrest/hamcrest-php (v3.0.0): Extracting archive
  - Installing mockery/mockery (1.6.15): Extracting archive
  - Installing filp/whoops (2.18.5): Extracting archive
  - Installing nunomaduro/collision (v8.9.5): Extracting archive
  - Installing staabm/side-effects-detector (1.0.5): Extracting archive
  - Installing sebastian/version (5.0.2): Extracting archive
  - Installing sebastian/type (5.1.3): Extracting archive
  - Installing sebastian/recursion-context (6.0.3): Extracting archive
  - Installing sebastian/object-reflector (4.0.1): Extracting archive
  - Installing sebastian/object-enumerator (6.0.1): Extracting archive
  - Installing sebastian/global-state (7.0.2): Extracting archive
  - Installing sebastian/exporter (6.3.2): Extracting archive
  - Installing sebastian/environment (7.2.1): Extracting archive
  - Installing sebastian/diff (6.0.2): Extracting archive
  - Installing sebastian/comparator (6.3.3): Extracting archive
  - Installing sebastian/code-unit (3.0.3): Extracting archive
  - Installing sebastian/cli-parser (3.0.2): Extracting archive
  - Installing phpunit/php-timer (7.0.1): Extracting archive
  - Installing phpunit/php-text-template (4.0.1): Extracting archive
  - Installing phpunit/php-invoker (5.0.1): Extracting archive
  - Installing phpunit/php-file-iterator (5.1.1): Extracting archive
  - Installing theseer/tokenizer (1.3.1): Extracting archive
  - Installing sebastian/lines-of-code (3.0.1): Extracting archive
  - Installing sebastian/complexity (4.0.1): Extracting archive
  - Installing sebastian/code-unit-reverse-lookup (4.0.1): Extracting archive
  - Installing phpunit/php-code-coverage (11.0.12): Extracting archive
  - Installing phar-io/version (3.2.1): Extracting archive
  - Installing phar-io/manifest (2.0.4): Extracting archive
  - Installing myclabs/deep-copy (1.14.0): Extracting archive
  - Installing phpunit/phpunit (11.5.56): Extracting archive
  - Installing spatie/laravel-package-tools (1.93.3): Extracting archive
  - Installing spatie/laravel-translatable (6.14.1): Extracting archive
  - Installing internachi/modular (2.3.0): Extracting archive
  - Installing raid/pillar (dev-main 9e28319): Symlinking from ../packages/pillar
  - Installing raid/catalog (dev-main b9efabb): Symlinking from ../packages/catalog
   0/131 [>---------------------------]   0%
  26/131 [=====>----------------------]  19%
  38/131 [========>-------------------]  29%
  48/131 [==========>-----------------]  36%
  61/131 [=============>--------------]  46%
  71/131 [===============>------------]  54%
  80/131 [=================>----------]  61%
  99/131 [=====================>------]  75%
 108/131 [=======================>----]  82%
 120/131 [=========================>--]  91%
 131/131 [============================] 100%
Generating optimized autoload files
> Illuminate\Foundation\ComposerScripts::postAutoloadDump
> @php artisan package:discover --ansi

  [37;44m INFO [39;49m Discovering packages.  

  internachi/modular [90m.[39m[90m.[39m[90m.[39m[90m.[39m[90m.[39m[90m.[39m[90m.[39m[90m.[39m[90m.[39m[90m.[39m[90m.[39m[90m.[39m[90m.[39m[90m.[39m[90m.[39m[90m.[39m[90m.[39m[90m.[39m[90m.[39m[90m.[39m[90m.[39m[90m.[39m[90m.[39m[90m.[39m[90m.[39m[90m.[39m[90m.[39m[90m.[39m[90m.[39m[90m.[39m[90m.[39m[90m.[39m[90m.[39m[90m.[39m[90m.[39m[90m.[39m[90m.[39m[90m.[39m[90m.[39m[90m.[39m[90m.[39m[90m.[39m[90m.[39m[90m.[39m[90m.[39m[90m.[39m[90m.[39m[90m.[39m[90m.[39m[90m.[39m[90m.[39m[90m.[39m [32;1mDONE[39;22m
  laravel/pail [90m.[39m[90m.[39m[90m.[39m[90m.[39m[90m.[39m[90m.[39m[90m.[39m[90m.[39m[90m.[39m[90m.[39m[90m.[39m[90m.[39m[90m.[39m[90m.[39m[90m.[39m[90m.[39m[90m.[39m[90m.[39m[90m.[39m[90m.[39m[90m.[39m[90m.[39m[90m.[39m[90m.[39m[90m.[39m[90m.[39m[90m.[39m[90m.[39m[90m.[39m[90m.[39m[90m.[39m[90m.[39m[90m.[39m[90m.[39m[90m.[39m[90m.[39m[90m.[39m[90m.[39m[90m.[39m[90m.[39m[90m.[39m[90m.[39m[90m.[39m[90m.[39m[90m.[39m[90m.[39m[90m.[39m[90m.[39m[90m.[39m[90m.[39m[90m.[39m[90m.[39m[90m.[39m[90m.[39m[90m.[39m[90m.[39m[90m.[39m[90m.[39m [32;1mDONE[39;22m
  laravel/sail [90m.[39m[90m.[39m[90m.[39m[90m.[39m[90m.[39m[90m.[39m[90m.[39m[90m.[39m[90m.[39m[90m.[39m[90m.[39m[90m.[39m[90m.[39m[90m.[39m[90m.[39m[90m.[39m[90m.[39m[90m.[39m[90m.[39m[90m.[39m[90m.[39m[90m.[39m[90m.[39m[90m.[39m[90m.[39m[90m.[39m[90m.[39m[90m.[39m[90m.[39m[90m.[39m[90m.[39m[90m.[39m[90m.[39m[90m.[39m[90m.[39m[90m.[39m[90m.[39m[90m.[39m[90m.[39m[90m.[39m[90m.[39m[90m.[39m[90m.[39m[90m.[39m[90m.[39m[90m.[39m[90m.[39m[90m.[39m[90m.[39m[90m.[39m[90m.[39m[90m.[39m[90m.[39m[90m.[39m[90m.[39m[90m.[39m[90m.[39m[90m.[39m [32;1mDONE[39;22m
  laravel/tinker [90m.[39m[90m.[39m[90m.[39m[90m.[39m[90m.[39m[90m.[39m[90m.[39m[90m.[39m[90m.[39m[90m.[39m[90m.[39m[90m.[39m[90m.[39m[90m.[39m[90m.[39m[90m.[39m[90m.[39m[90m.[39m[90m.[39m[90m.[39m[90m.[39m[90m.[39m[90m.[39m[90m.[39m[90m.[39m[90m.[39m[90m.[39m[90m.[39m[90m.[39m[90m.[39m[90m.[39m[90m.[39m[90m.[39m[90m.[39m[90m.[39m[90m.[39m[90m.[39m[90m.[39m[90m.[39m[90m.[39m[90m.[39m[90m.[39m[90m.[39m[90m.[39m[90m.[39m[90m.[39m[90m.[39m[90m.[39m[90m.[39m[90m.[39m[90m.[39m[90m.[39m[90m.[39m[90m.[39m[90m.[39m[90m.[39m [32;1mDONE[39;22m
  nesbot/carbon [90m.[39m[90m.[39m[90m.[39m[90m.[39m[90m.[39m[90m.[39m[90m.[39m[90m.[39m[90m.[39m[90m.[39m[90m.[39m[90m.[39m[90m.[39m[90m.[39m[90m.[39m[90m.[39m[90m.[39m[90m.[39m[90m.[39m[90m.[39m[90m.[39m[90m.[39m[90m.[39m[90m.[39m[90m.[39m[90m.[39m[90m.[39m[90m.[39m[90m.[39m[90m.[39m[90m.[39m[90m.[39m[90m.[39m[90m.[39m[90m.[39m[90m.[39m[90m.[39m[90m.[39m[90m.[39m[90m.[39m[90m.[39m[90m.[39m[90m.[39m[90m.[39m[90m.[39m[90m.[39m[90m.[39m[90m.[39m[90m.[39m[90m.[39m[90m.[39m[90m.[39m[90m.[39m[90m.[39m[90m.[39m[90m.[39m[90m.[39m [32;1mDONE[39;22m
  nunomaduro/collision [90m.[39m[90m.[39m[90m.[39m[90m.[39m[90m.[39m[90m.[39m[90m.[39m[90m.[39m[90m.[39m[90m.[39m[90m.[39m[90m.[39m[90m.[39m[90m.[39m[90m.[39m[90m.[39m[90m.[39m[90m.[39m[90m.[39m[90m.[39m[90m.[39m[90m.[39m[90m.[39m[90m.[39m[90m.[39m[90m.[39m[90m.[39m[90m.[39m[90m.[39m[90m.[39m[90m.[39m[90m.[39m[90m.[39m[90m.[39m[90m.[39m[90m.[39m[90m.[39m[90m.[39m[90m.[39m[90m.[39m[90m.[39m[90m.[39m[90m.[39m[90m.[39m[90m.[39m[90m.[39m[90m.[39m[90m.[39m[90m.[39m[90m.[39m [32;1mDONE[39;22m
  nunomaduro/termwind [90m.[39m[90m.[39m[90m.[39m[90m.[39m[90m.[39m[90m.[39m[90m.[39m[90m.[39m[90m.[39m[90m.[39m[90m.[39m[90m.[39m[90m.[39m[90m.[39m[90m.[39m[90m.[39m[90m.[39m[90m.[39m[90m.[39m[90m.[39m[90m.[39m[90m.[39m[90m.[39m[90m.[39m[90m.[39m[90m.[39m[90m.[39m[90m.[39m[90m.[39m[90m.[39m[90m.[39m[90m.[39m[90m.[39m[90m.[39m[90m.[39m[90m.[39m[90m.[39m[90m.[39m[90m.[39m[90m.[39m[90m.[39m[90m.[39m[90m.[39m[90m.[39m[90m.[39m[90m.[39m[90m.[39m[90m.[39m[90m.[39m[90m.[39m[90m.[39m [32;1mDONE[39;22m
  raid/catalog [90m.[39m[90m.[39m[90m.[39m[90m.[39m[90m.[39m[90m.[39m[90m.[39m[90m.[39m[90m.[39m[90m.[39m[90m.[39m[90m.[39m[90m.[39m[90m.[39m[90m.[39m[90m.[39m[90m.[39m[90m.[39m[90m.[39m[90m.[39m[90m.[39m[90m.[39m[90m.[39m[90m.[39m[90m.[39m[90m.[39m[90m.[39m[90m.[39m[90m.[39m[90m.[39m[90m.[39m[90m.[39m[90m.[39m[90m.[39m[90m.[39m[90m.[39m[90m.[39m[90m.[39m[90m.[39m[90m.[39m[90m.[39m[90m.[39m[90m.[39m[90m.[39m[90m.[39m[90m.[39m[90m.[39m[90m.[39m[90m.[39m[90m.[39m[90m.[39m[90m.[39m[90m.[39m[90m.[39m[90m.[39m[90m.[39m[90m.[39m[90m.[39m [32;1mDONE[39;22m
  raid/pillar [90m.[39m[90m.[39m[90m.[39m[90m.[39m[90m.[39m[90m.[39m[90m.[39m[90m.[39m[90m.[39m[90m.[39m[90m.[39m[90m.[39m[90m.[39m[90m.[39m[90m.[39m[90m.[39m[90m.[39m[90m.[39m[90m.[39m[90m.[39m[90m.[39m[90m.[39m[90m.[39m[90m.[39m[90m.[39m[90m.[39m[90m.[39m[90m.[39m[90m.[39m[90m.[39m[90m.[39m[90m.[39m[90m.[39m[90m.[39m[90m.[39m[90m.[39m[90m.[39m[90m.[39m[90m.[39m[90m.[39m[90m.[39m[90m.[39m[90m.[39m[90m.[39m[90m.[39m[90m.[39m[90m.[39m[90m.[39m[90m.[39m[90m.[39m[90m.[39m[90m.[39m[90m.[39m[90m.[39m[90m.[39m[90m.[39m[90m.[39m[90m.[39m[90m.[39m [32;1mDONE[39;22m
  spatie/laravel-translatable [90m.[39m[90m.[39m[90m.[39m[90m.[39m[90m.[39m[90m.[39m[90m.[39m[90m.[39m[90m.[39m[90m.[39m[90m.[39m[90m.[39m[90m.[39m[90m.[39m[90m.[39m[90m.[39m[90m.[39m[90m.[39m[90m.[39m[90m.[39m[90m.[39m[90m.[39m[90m.[39m[90m.[39m[90m.[39m[90m.[39m[90m.[39m[90m.[39m[90m.[39m[90m.[39m[90m.[39m[90m.[39m[90m.[39m[90m.[39m[90m.[39m[90m.[39m[90m.[39m[90m.[39m[90m.[39m[90m.[39m[90m.[39m[90m.[39m[90m.[39m [32;1mDONE[39;22m

96 packages you are using are looking for funding.
Use the `composer fund` command to find out more!
