Installing dependencies from lock file
Verifying lock file contents can be installed on current platform.
Package operations: 99 installs, 0 updates, 0 removals
  - Downloading symfony/process (v7.4.19)
  - Downloading symfony/polyfill-php84 (v1.43.0)
  - Downloading symfony/polyfill-php81 (v1.38.1)
  - Downloading symfony/polyfill-php80 (v1.43.0)
  - Downloading symfony/polyfill-php73 (v1.37.0)
  - Downloading symfony/finder (v7.4.20)
  - Downloading symfony/polyfill-mbstring (v1.43.0)
  - Downloading symfony/polyfill-ctype (v1.37.0)
  - Downloading symfony/deprecation-contracts (v3.7.1)
  - Downloading symfony/filesystem (v8.1.6)
  - Downloading symfony/polyfill-intl-normalizer (v1.43.0)
  - Downloading symfony/polyfill-intl-grapheme (v1.43.0)
  - Downloading symfony/string (v8.1.7)
  - Downloading psr/container (2.0.2)
  - Downloading symfony/service-contracts (v3.7.3)
  - Downloading symfony/console (v7.4.20)
  - Downloading seld/signal-handler (2.0.2)
  - Downloading seld/phar-utils (1.2.3)
  - Downloading seld/jsonlint (1.12.1)
  - Downloading react/promise (v3.3.0)
  - Downloading psr/log (3.0.2)
  - Downloading marc-mabe/php-enum (v4.7.2)
  - Downloading justinrainbow/json-schema (6.13.1)
  - Downloading composer/pcre (3.4.0)
  - Downloading composer/xdebug-handler (3.0.5)
  - Downloading composer/spdx-licenses (1.6.0)
  - Downloading composer/semver (3.5.0)
  - Downloading composer/metadata-minifier (1.0.1)
  - Downloading composer/class-map-generator (1.8.0)
  - Downloading composer/ca-bundle (1.5.14)
  - Downloading composer/composer (2.10.3)
  - Downloading doctrine/inflector (2.1.0)
  - Downloading doctrine/lexer (3.0.3)
  - Downloading dragonmantank/cron-expression (v3.6.0)
  - Downloading symfony/http-foundation (v7.4.20)
  - Downloading fruitcake/php-cors (v1.4.0)
  - Downloading psr/http-message (2.0)
  - Downloading psr/http-client (1.0.3)
  - Downloading ralouphie/getallheaders (3.0.3)
  - Downloading psr/http-factory (1.1.0)
  - Downloading guzzlehttp/psr7 (2.13.1)
  - Downloading guzzlehttp/promises (2.5.3)
  - Downloading guzzlehttp/guzzle (7.15.5)
  - Downloading guzzlehttp/uri-template (v1.0.11)
  - Downloading laravel/prompts (v0.3.24)
  - Downloading voku/portable-ascii (2.1.1)
  - Downloading phpoption/phpoption (1.10.0)
  - Downloading graham-campbell/result-type (v1.2.0)
  - Downloading vlucas/phpdotenv (v5.7.0)
  - Downloading symfony/css-selector (v8.1.6)
  - Downloading tijsverkoyen/css-to-inline-styles (v2.4.0)
  - Downloading symfony/var-dumper (v7.4.18)
  - Downloading symfony/polyfill-uuid (v1.43.0)
  - Downloading symfony/uid (v7.4.20)
  - Downloading symfony/routing (v7.4.20)
  - Downloading symfony/polyfill-php85 (v1.43.0)
  - Downloading symfony/polyfill-php83 (v1.43.0)
  - Downloading symfony/polyfill-intl-idn (v1.43.0)
  - Downloading symfony/mime (v7.4.19)
  - Downloading psr/event-dispatcher (1.0.0)
  - Downloading symfony/event-dispatcher-contracts (v3.7.1)
  - Downloading symfony/event-dispatcher (v8.1.5)
  - Downloading egulias/email-validator (4.0.4)
  - Downloading symfony/mailer (v7.4.19)
  - Downloading symfony/error-handler (v7.4.20)
  - Downloading symfony/http-kernel (v7.4.20)
  - Downloading ramsey/collection (2.1.1)
  - Downloading brick/math (0.14.8)
  - Downloading ramsey/uuid (4.9.4)
  - Downloading psr/simple-cache (3.0.0)
  - Downloading nunomaduro/termwind (v2.4.0)
  - Downloading symfony/translation-contracts (v3.7.1)
  - Downloading symfony/translation (v8.1.5)
  - Downloading psr/clock (1.0.0)
  - Downloading symfony/clock (v8.1.0)
  - Downloading carbonphp/carbon-doctrine-types (3.2.1)
  - Downloading nesbot/carbon (3.14.2)
  - Downloading monolog/monolog (3.12.1)
  - Downloading league/uri-interfaces (7.8.1)
  - Downloading league/uri (7.8.1)
  - Downloading league/mime-type-detection (1.17.0)
  - Downloading league/flysystem-local (3.35.3)
  - Downloading league/flysystem (3.36.0)
  - Downloading nette/utils (v4.1.5)
  - Downloading nette/schema (v1.3.6)
  - Downloading dflydev/dot-access-data (v3.0.3)
  - Downloading league/config (v1.2.0)
  - Downloading league/commonmark (2.10.3)
  - Downloading laravel/serializable-closure (v2.1.0)
  - Downloading laravel/framework (v12.69.3)
  - Downloading laravel/sanctum (v4.3.3)
  - Downloading nikic/php-parser (v5.9.0)
  - Downloading psy/psysh (v0.12.24)
  - Downloading laravel/tinker (v2.11.1)
  - Downloading spatie/laravel-package-tools (1.93.3)
  - Downloading spatie/laravel-translatable (6.14.1)
  - Downloading internachi/modular (2.3.0)
  0/97 [>---------------------------]   0%
  5/97 [=>--------------------------]   5%
 10/97 [==>-------------------------]  10%
 22/97 [======>---------------------]  22%
 30/97 [========>-------------------]  30%
 37/97 [==========>-----------------]  38%
 41/97 [===========>----------------]  42%
 45/97 [============>---------------]  46%
 49/97 [==============>-------------]  50%
 55/97 [===============>------------]  56%
 62/97 [=================>----------]  63%
 65/97 [==================>---------]  67%
 68/97 [===================>--------]  70%
 75/97 [=====================>------]  77%
 76/97 [=====================>------]  78%
 77/97 [======================>-----]  79%
 78/97 [======================>-----]  80%
 85/97 [========================>---]  87%
 87/97 [=========================>--]  89%
 88/97 [=========================>--]  90%
 89/97 [=========================>--]  91%
 90/97 [=========================>--]  92%
 91/97 [==========================>-]  93%
 92/97 [==========================>-]  94%
 93/97 [==========================>-]  95%
 94/97 [===========================>]  96%
 95/97 [===========================>]  97%
 96/97 [===========================>]  98%
 97/97 [============================] 100%
  - Installing symfony/process (v7.4.19): Extracting archive
  - Installing symfony/polyfill-php84 (v1.43.0): Extracting archive
  - Installing symfony/polyfill-php81 (v1.38.1): Extracting archive
  - Installing symfony/polyfill-php80 (v1.43.0): Extracting archive
  - Installing symfony/polyfill-php73 (v1.37.0): Extracting archive
  - Installing symfony/finder (v7.4.20): Extracting archive
  - Installing symfony/polyfill-mbstring (v1.43.0): Extracting archive
  - Installing symfony/polyfill-ctype (v1.37.0): Extracting archive
  - Installing symfony/deprecation-contracts (v3.7.1): Extracting archive
  - Installing symfony/filesystem (v8.1.6): Extracting archive
  - Installing symfony/polyfill-intl-normalizer (v1.43.0): Extracting archive
  - Installing symfony/polyfill-intl-grapheme (v1.43.0): Extracting archive
  - Installing symfony/string (v8.1.7): Extracting archive
  - Installing psr/container (2.0.2): Extracting archive
  - Installing symfony/service-contracts (v3.7.3): Extracting archive
  - Installing symfony/console (v7.4.20): Extracting archive
  - Installing seld/signal-handler (2.0.2): Extracting archive
  - Installing seld/phar-utils (1.2.3): Extracting archive
  - Installing seld/jsonlint (1.12.1): Extracting archive
  - Installing react/promise (v3.3.0): Extracting archive
  - Installing psr/log (3.0.2): Extracting archive
  - Installing marc-mabe/php-enum (v4.7.2): Extracting archive
  - Installing justinrainbow/json-schema (6.13.1): Extracting archive
  - Installing composer/pcre (3.4.0): Extracting archive
  - Installing composer/xdebug-handler (3.0.5): Extracting archive
  - Installing composer/spdx-licenses (1.6.0): Extracting archive
  - Installing composer/semver (3.5.0): Extracting archive
  - Installing composer/metadata-minifier (1.0.1): Extracting archive
  - Installing composer/class-map-generator (1.8.0): Extracting archive
  - Installing composer/ca-bundle (1.5.14): Extracting archive
  - Installing composer/composer (2.10.3): Extracting archive
  - Installing doctrine/inflector (2.1.0): Extracting archive
  - Installing doctrine/lexer (3.0.3): Extracting archive
  - Installing dragonmantank/cron-expression (v3.6.0): Extracting archive
  - Installing symfony/http-foundation (v7.4.20): Extracting archive
  - Installing fruitcake/php-cors (v1.4.0): Extracting archive
  - Installing psr/http-message (2.0): Extracting archive
  - Installing psr/http-client (1.0.3): Extracting archive
  - Installing ralouphie/getallheaders (3.0.3): Extracting archive
  - Installing psr/http-factory (1.1.0): Extracting archive
  - Installing guzzlehttp/psr7 (2.13.1): Extracting archive
  - Installing guzzlehttp/promises (2.5.3): Extracting archive
  - Installing guzzlehttp/guzzle (7.15.5): Extracting archive
  - Installing guzzlehttp/uri-template (v1.0.11): Extracting archive
  - Installing laravel/prompts (v0.3.24): Extracting archive
  - Installing voku/portable-ascii (2.1.1): Extracting archive
  - Installing phpoption/phpoption (1.10.0): Extracting archive
  - Installing graham-campbell/result-type (v1.2.0): Extracting archive
  - Installing vlucas/phpdotenv (v5.7.0): Extracting archive
  - Installing symfony/css-selector (v8.1.6): Extracting archive
  - Installing tijsverkoyen/css-to-inline-styles (v2.4.0): Extracting archive
  - Installing symfony/var-dumper (v7.4.18): Extracting archive
  - Installing symfony/polyfill-uuid (v1.43.0): Extracting archive
  - Installing symfony/uid (v7.4.20): Extracting archive
  - Installing symfony/routing (v7.4.20): Extracting archive
  - Installing symfony/polyfill-php85 (v1.43.0): Extracting archive
  - Installing symfony/polyfill-php83 (v1.43.0): Extracting archive
  - Installing symfony/polyfill-intl-idn (v1.43.0): Extracting archive
  - Installing symfony/mime (v7.4.19): Extracting archive
  - Installing psr/event-dispatcher (1.0.0): Extracting archive
  - Installing symfony/event-dispatcher-contracts (v3.7.1): Extracting archive
  - Installing symfony/event-dispatcher (v8.1.5): Extracting archive
  - Installing egulias/email-validator (4.0.4): Extracting archive
  - Installing symfony/mailer (v7.4.19): Extracting archive
  - Installing symfony/error-handler (v7.4.20): Extracting archive
  - Installing symfony/http-kernel (v7.4.20): Extracting archive
  - Installing ramsey/collection (2.1.1): Extracting archive
  - Installing brick/math (0.14.8): Extracting archive
  - Installing ramsey/uuid (4.9.4): Extracting archive
  - Installing psr/simple-cache (3.0.0): Extracting archive
  - Installing nunomaduro/termwind (v2.4.0): Extracting archive
  - Installing symfony/translation-contracts (v3.7.1): Extracting archive
  - Installing symfony/translation (v8.1.5): Extracting archive
  - Installing psr/clock (1.0.0): Extracting archive
  - Installing symfony/clock (v8.1.0): Extracting archive
  - Installing carbonphp/carbon-doctrine-types (3.2.1): Extracting archive
  - Installing nesbot/carbon (3.14.2): Extracting archive
  - Installing monolog/monolog (3.12.1): Extracting archive
  - Installing league/uri-interfaces (7.8.1): Extracting archive
  - Installing league/uri (7.8.1): Extracting archive
  - Installing league/mime-type-detection (1.17.0): Extracting archive
  - Installing league/flysystem-local (3.35.3): Extracting archive
  - Installing league/flysystem (3.36.0): Extracting archive
  - Installing nette/utils (v4.1.5): Extracting archive
  - Installing nette/schema (v1.3.6): Extracting archive
  - Installing dflydev/dot-access-data (v3.0.3): Extracting archive
  - Installing league/config (v1.2.0): Extracting archive
  - Installing league/commonmark (2.10.3): Extracting archive
  - Installing laravel/serializable-closure (v2.1.0): Extracting archive
  - Installing laravel/framework (v12.69.3): Extracting archive
  - Installing laravel/sanctum (v4.3.3): Extracting archive
  - Installing nikic/php-parser (v5.9.0): Extracting archive
  - Installing psy/psysh (v0.12.24): Extracting archive
  - Installing laravel/tinker (v2.11.1): Extracting archive
  - Installing spatie/laravel-package-tools (1.93.3): Extracting archive
  - Installing spatie/laravel-translatable (6.14.1): Extracting archive
  - Installing internachi/modular (2.3.0): Extracting archive
  - Installing raid/pillar (0.1.0): Mirroring from ../packages/pillar
  - Installing raid/catalog (0.1.0): Mirroring from ../packages/catalog
  0/97 [>---------------------------]   0%
 28/97 [========>-------------------]  28%
 45/97 [============>---------------]  46%
 58/97 [================>-----------]  59%
 71/97 [====================>-------]  73%
 83/97 [=======================>----]  85%
 93/97 [==========================>-]  95%
 97/97 [============================] 100%
Generating optimized autoload files
> Illuminate\Foundation\ComposerScripts::postAutoloadDump
> @php artisan package:discover --ansi

  [37;44m INFO [39;49m Discovering packages.  

  internachi/modular [90m.[39m[90m.[39m[90m.[39m[90m.[39m[90m.[39m[90m.[39m[90m.[39m[90m.[39m[90m.[39m[90m.[39m[90m.[39m[90m.[39m[90m.[39m[90m.[39m[90m.[39m[90m.[39m[90m.[39m[90m.[39m[90m.[39m[90m.[39m[90m.[39m[90m.[39m[90m.[39m[90m.[39m[90m.[39m[90m.[39m[90m.[39m[90m.[39m[90m.[39m[90m.[39m[90m.[39m[90m.[39m[90m.[39m[90m.[39m[90m.[39m[90m.[39m[90m.[39m[90m.[39m[90m.[39m[90m.[39m[90m.[39m[90m.[39m[90m.[39m[90m.[39m[90m.[39m[90m.[39m[90m.[39m[90m.[39m[90m.[39m[90m.[39m[90m.[39m[90m.[39m [32;1mDONE[39;22m
  laravel/sanctum [90m.[39m[90m.[39m[90m.[39m[90m.[39m[90m.[39m[90m.[39m[90m.[39m[90m.[39m[90m.[39m[90m.[39m[90m.[39m[90m.[39m[90m.[39m[90m.[39m[90m.[39m[90m.[39m[90m.[39m[90m.[39m[90m.[39m[90m.[39m[90m.[39m[90m.[39m[90m.[39m[90m.[39m[90m.[39m[90m.[39m[90m.[39m[90m.[39m[90m.[39m[90m.[39m[90m.[39m[90m.[39m[90m.[39m[90m.[39m[90m.[39m[90m.[39m[90m.[39m[90m.[39m[90m.[39m[90m.[39m[90m.[39m[90m.[39m[90m.[39m[90m.[39m[90m.[39m[90m.[39m[90m.[39m[90m.[39m[90m.[39m[90m.[39m[90m.[39m[90m.[39m[90m.[39m[90m.[39m[90m.[39m [32;1mDONE[39;22m
  laravel/tinker [90m.[39m[90m.[39m[90m.[39m[90m.[39m[90m.[39m[90m.[39m[90m.[39m[90m.[39m[90m.[39m[90m.[39m[90m.[39m[90m.[39m[90m.[39m[90m.[39m[90m.[39m[90m.[39m[90m.[39m[90m.[39m[90m.[39m[90m.[39m[90m.[39m[90m.[39m[90m.[39m[90m.[39m[90m.[39m[90m.[39m[90m.[39m[90m.[39m[90m.[39m[90m.[39m[90m.[39m[90m.[39m[90m.[39m[90m.[39m[90m.[39m[90m.[39m[90m.[39m[90m.[39m[90m.[39m[90m.[39m[90m.[39m[90m.[39m[90m.[39m[90m.[39m[90m.[39m[90m.[39m[90m.[39m[90m.[39m[90m.[39m[90m.[39m[90m.[39m[90m.[39m[90m.[39m[90m.[39m[90m.[39m[90m.[39m [32;1mDONE[39;22m
  nesbot/carbon [90m.[39m[90m.[39m[90m.[39m[90m.[39m[90m.[39m[90m.[39m[90m.[39m[90m.[39m[90m.[39m[90m.[39m[90m.[39m[90m.[39m[90m.[39m[90m.[39m[90m.[39m[90m.[39m[90m.[39m[90m.[39m[90m.[39m[90m.[39m[90m.[39m[90m.[39m[90m.[39m[90m.[39m[90m.[39m[90m.[39m[90m.[39m[90m.[39m[90m.[39m[90m.[39m[90m.[39m[90m.[39m[90m.[39m[90m.[39m[90m.[39m[90m.[39m[90m.[39m[90m.[39m[90m.[39m[90m.[39m[90m.[39m[90m.[39m[90m.[39m[90m.[39m[90m.[39m[90m.[39m[90m.[39m[90m.[39m[90m.[39m[90m.[39m[90m.[39m[90m.[39m[90m.[39m[90m.[39m[90m.[39m[90m.[39m[90m.[39m [32;1mDONE[39;22m
  nunomaduro/termwind [90m.[39m[90m.[39m[90m.[39m[90m.[39m[90m.[39m[90m.[39m[90m.[39m[90m.[39m[90m.[39m[90m.[39m[90m.[39m[90m.[39m[90m.[39m[90m.[39m[90m.[39m[90m.[39m[90m.[39m[90m.[39m[90m.[39m[90m.[39m[90m.[39m[90m.[39m[90m.[39m[90m.[39m[90m.[39m[90m.[39m[90m.[39m[90m.[39m[90m.[39m[90m.[39m[90m.[39m[90m.[39m[90m.[39m[90m.[39m[90m.[39m[90m.[39m[90m.[39m[90m.[39m[90m.[39m[90m.[39m[90m.[39m[90m.[39m[90m.[39m[90m.[39m[90m.[39m[90m.[39m[90m.[39m[90m.[39m[90m.[39m[90m.[39m[90m.[39m [32;1mDONE[39;22m
  raid/catalog [90m.[39m[90m.[39m[90m.[39m[90m.[39m[90m.[39m[90m.[39m[90m.[39m[90m.[39m[90m.[39m[90m.[39m[90m.[39m[90m.[39m[90m.[39m[90m.[39m[90m.[39m[90m.[39m[90m.[39m[90m.[39m[90m.[39m[90m.[39m[90m.[39m[90m.[39m[90m.[39m[90m.[39m[90m.[39m[90m.[39m[90m.[39m[90m.[39m[90m.[39m[90m.[39m[90m.[39m[90m.[39m[90m.[39m[90m.[39m[90m.[39m[90m.[39m[90m.[39m[90m.[39m[90m.[39m[90m.[39m[90m.[39m[90m.[39m[90m.[39m[90m.[39m[90m.[39m[90m.[39m[90m.[39m[90m.[39m[90m.[39m[90m.[39m[90m.[39m[90m.[39m[90m.[39m[90m.[39m[90m.[39m[90m.[39m[90m.[39m[90m.[39m [32;1mDONE[39;22m
  raid/pillar [90m.[39m[90m.[39m[90m.[39m[90m.[39m[90m.[39m[90m.[39m[90m.[39m[90m.[39m[90m.[39m[90m.[39m[90m.[39m[90m.[39m[90m.[39m[90m.[39m[90m.[39m[90m.[39m[90m.[39m[90m.[39m[90m.[39m[90m.[39m[90m.[39m[90m.[39m[90m.[39m[90m.[39m[90m.[39m[90m.[39m[90m.[39m[90m.[39m[90m.[39m[90m.[39m[90m.[39m[90m.[39m[90m.[39m[90m.[39m[90m.[39m[90m.[39m[90m.[39m[90m.[39m[90m.[39m[90m.[39m[90m.[39m[90m.[39m[90m.[39m[90m.[39m[90m.[39m[90m.[39m[90m.[39m[90m.[39m[90m.[39m[90m.[39m[90m.[39m[90m.[39m[90m.[39m[90m.[39m[90m.[39m[90m.[39m[90m.[39m[90m.[39m[90m.[39m [32;1mDONE[39;22m
  spatie/laravel-translatable [90m.[39m[90m.[39m[90m.[39m[90m.[39m[90m.[39m[90m.[39m[90m.[39m[90m.[39m[90m.[39m[90m.[39m[90m.[39m[90m.[39m[90m.[39m[90m.[39m[90m.[39m[90m.[39m[90m.[39m[90m.[39m[90m.[39m[90m.[39m[90m.[39m[90m.[39m[90m.[39m[90m.[39m[90m.[39m[90m.[39m[90m.[39m[90m.[39m[90m.[39m[90m.[39m[90m.[39m[90m.[39m[90m.[39m[90m.[39m[90m.[39m[90m.[39m[90m.[39m[90m.[39m[90m.[39m[90m.[39m[90m.[39m[90m.[39m[90m.[39m [32;1mDONE[39;22m

68 packages you are using are looking for funding.
Use the `composer fund` command to find out more!
