/reference/pkgs/frontier/action/.phpunit.cache/test-results: OK
/reference/pkgs/frontier/action/rector.php: OK
/reference/pkgs/frontier/action/.gitignore: OK
/reference/pkgs/frontier/action/stubs/action.stub: OK
/reference/pkgs/frontier/action/AGENTS.md: OK
/reference/pkgs/frontier/action/VERSION.md: OK
/reference/pkgs/frontier/action/phpunit.xml: OK
/reference/pkgs/frontier/action/src/Eloquent/CreateAction.php: OK
/reference/pkgs/frontier/action/src/Eloquent/FindAction.php: OK
/reference/pkgs/frontier/action/src/Eloquent/ExistsAction.php: OK
/reference/pkgs/frontier/action/src/Eloquent/UpdateOrCreateAction.php: OK
/reference/pkgs/frontier/action/src/Eloquent/RetrieveAction.php: OK
/reference/pkgs/frontier/action/src/Eloquent/FindOrFailAction.php: OK
/reference/pkgs/frontier/action/src/Eloquent/DeleteAction.php: OK
/reference/pkgs/frontier/action/src/Eloquent/UpdateAction.php: OK
/reference/pkgs/frontier/action/src/Eloquent/CountAction.php: OK
/reference/pkgs/frontier/action/src/EloquentAction.php: OK
/reference/pkgs/frontier/action/src/Contracts/Action.php: OK
/reference/pkgs/frontier/action/src/BaseAction.php: OK
/reference/pkgs/frontier/action/src/Providers/ServiceProvider.php: OK
/reference/pkgs/frontier/action/src/Console/Commands/MakeAction.php: OK
/reference/pkgs/frontier/action/src/Console/Commands/GeneratorCommand.php: OK
/reference/pkgs/frontier/action/composer.json: OK
/reference/pkgs/frontier/action/ECOSYSTEM.md: OK
/reference/pkgs/frontier/action/README.md: OK
/reference/pkgs/frontier/action/tests/Feature/MakeActionCommandTest.php: OK
/reference/pkgs/frontier/action/tests/TestCase.php: OK
/reference/pkgs/frontier/action/tests/Unit/Eloquent/EloquentActionsTest.php: OK
/reference/pkgs/frontier/action/tests/Unit/GeneratorCommandTest.php: OK
/reference/pkgs/frontier/action/tests/Unit/EloquentActionTest.php: OK
/reference/pkgs/frontier/action/tests/Unit/BaseActionTest.php: OK
/reference/pkgs/frontier/action/tests/Unit/ActionContractTest.php: OK
/reference/pkgs/frontier/action/tests/Pest.php: OK
/reference/pkgs/frontier/repository/.phpunit.cache/test-results: OK
/reference/pkgs/frontier/repository/rector.php: OK
/reference/pkgs/frontier/repository/.gitignore: OK
/reference/pkgs/frontier/repository/config/repository-cache.php: OK
/reference/pkgs/frontier/repository/stubs/repository-interface.stub: OK
/reference/pkgs/frontier/repository/stubs/repository.stub: OK
/reference/pkgs/frontier/repository/stubs/repository-cache.stub: OK
/reference/pkgs/frontier/repository/AGENTS.md: OK
/reference/pkgs/frontier/repository/VERSION.md: OK
/reference/pkgs/frontier/repository/phpunit.xml: OK
/reference/pkgs/frontier/repository/src/BaseRepositoryCache.php: OK
/reference/pkgs/frontier/repository/src/Contracts/Repository.php: OK
/reference/pkgs/frontier/repository/src/Contracts/Concerns/Aggregatable.php: OK
/reference/pkgs/frontier/repository/src/Contracts/Concerns/Restorable.php: OK
/reference/pkgs/frontier/repository/src/Contracts/Concerns/RepositoryUtility.php: OK
/reference/pkgs/frontier/repository/src/Contracts/Concerns/Creatable.php: OK
/reference/pkgs/frontier/repository/src/Contracts/Concerns/Updatable.php: OK
/reference/pkgs/frontier/repository/src/Contracts/Concerns/Readable.php: OK
/reference/pkgs/frontier/repository/src/Contracts/Concerns/Deletable.php: OK
/reference/pkgs/frontier/repository/src/Contracts/RepositoryCache.php: OK
/reference/pkgs/frontier/repository/src/ValueObjects/QueryOptions.php: OK
/reference/pkgs/frontier/repository/src/BaseRepository.php: OK
/reference/pkgs/frontier/repository/src/Providers/ServiceProvider.php: OK
/reference/pkgs/frontier/repository/src/Traits/Retrievable.php: OK
/reference/pkgs/frontier/repository/src/Console/Commands/MakeRepository.php: OK
/reference/pkgs/frontier/repository/src/Console/Commands/MakeRepositoryInterface.php: OK
/reference/pkgs/frontier/repository/src/Console/Commands/MakeRepositoryCache.php: OK
/reference/pkgs/frontier/repository/src/Console/Commands/GeneratorCommand.php: OK
/reference/pkgs/frontier/repository/.phpactor.json: OK
/reference/pkgs/frontier/repository/composer.json: OK
/reference/pkgs/frontier/repository/ECOSYSTEM.md: OK
/reference/pkgs/frontier/repository/README.md: OK
/reference/pkgs/frontier/repository/tests/Feature/MakeRepositoryCommandTest.php: OK
/reference/pkgs/frontier/repository/tests/TestCase.php: OK
/reference/pkgs/frontier/repository/tests/Unit/RepositoryCacheTest.php: OK
/reference/pkgs/frontier/repository/tests/Unit/RetrievableSortTest.php: OK
/reference/pkgs/frontier/repository/tests/Unit/QueryOptionsTest.php: OK
/reference/pkgs/frontier/repository/tests/Unit/BaseRepositoryTest.php: OK
/reference/pkgs/frontier/repository/tests/Unit/RetrievableTest.php: OK
/reference/pkgs/frontier/repository/tests/Unit/RepositoryContractTest.php: OK
/reference/pkgs/frontier/repository/tests/Pest.php: OK
/reference/pkgs/frontier/modular/.phpunit.cache/test-results: OK
/reference/pkgs/frontier/modular/rector.php: OK
/reference/pkgs/frontier/modular/.gitignore: OK
/reference/pkgs/frontier/modular/config/app-modules.php: OK
/reference/pkgs/frontier/modular/AGENTS.md: OK
/reference/pkgs/frontier/modular/VERSION.md: OK
/reference/pkgs/frontier/modular/phpunit.xml: OK
/reference/pkgs/frontier/modular/src/Providers/ServiceProvider.php: OK
/reference/pkgs/frontier/modular/composer.json: OK
/reference/pkgs/frontier/modular/ECOSYSTEM.md: OK
/reference/pkgs/frontier/modular/README.md: OK
/reference/pkgs/frontier/modular/tests/TestCase.php: OK
/reference/pkgs/frontier/modular/tests/Unit/ServiceProviderTest.php: OK
/reference/pkgs/frontier/modular/tests/Pest.php: OK
/reference/pkgs/raid/laravel-catalog-foundation/CHANGELOG.md: OK
/reference/pkgs/raid/laravel-catalog-foundation/database/migrations/create_user_category_permissions_table.php: OK
/reference/pkgs/raid/laravel-catalog-foundation/database/migrations/create_categories_table.php: OK
/reference/pkgs/raid/laravel-catalog-foundation/database/migrations/create_brands_table.php: OK
/reference/pkgs/raid/laravel-catalog-foundation/database/migrations/create_user_product_permissions_table.php: OK
/reference/pkgs/raid/laravel-catalog-foundation/database/migrations/create_user_brand_permissions_table.php: OK
/reference/pkgs/raid/laravel-catalog-foundation/database/migrations/create_products_table.php: OK
/reference/pkgs/raid/laravel-catalog-foundation/database/migrations/create_regions_table.php: OK
/reference/pkgs/raid/laravel-catalog-foundation/database/factories/CategoryFactory.php: OK
/reference/pkgs/raid/laravel-catalog-foundation/database/factories/RegionFactory.php: OK
/reference/pkgs/raid/laravel-catalog-foundation/database/factories/ProductFactory.php: OK
/reference/pkgs/raid/laravel-catalog-foundation/database/factories/BrandFactory.php: OK
/reference/pkgs/raid/laravel-catalog-foundation/PLAN.md: OK
/reference/pkgs/raid/laravel-catalog-foundation/.gitignore: OK
/reference/pkgs/raid/laravel-catalog-foundation/config/catalog-foundation.php: OK
/reference/pkgs/raid/laravel-catalog-foundation/CONTRIBUTING.md: OK
/reference/pkgs/raid/laravel-catalog-foundation/stubs/brands/actions/find-brand-action.stub: OK
/reference/pkgs/raid/laravel-catalog-foundation/stubs/brands/actions/update-brand-action.stub: OK
/reference/pkgs/raid/laravel-catalog-foundation/stubs/brands/actions/delete-brand-action.stub: OK
/reference/pkgs/raid/laravel-catalog-foundation/stubs/brands/actions/retrieve-paginate-brand-action.stub: OK
/reference/pkgs/raid/laravel-catalog-foundation/stubs/brands/actions/create-brand-action.stub: OK
/reference/pkgs/raid/laravel-catalog-foundation/stubs/brands/list-brands-request.stub: OK
/reference/pkgs/raid/laravel-catalog-foundation/stubs/brands/brand-factory.stub: OK
/reference/pkgs/raid/laravel-catalog-foundation/stubs/brands/brand-controller.stub: OK
/reference/pkgs/raid/laravel-catalog-foundation/stubs/brands/create-brand-request.stub: OK
/reference/pkgs/raid/laravel-catalog-foundation/stubs/brands/update-brand-request.stub: OK
/reference/pkgs/raid/laravel-catalog-foundation/stubs/brands/brand-controller-test.stub: OK
/reference/pkgs/raid/laravel-catalog-foundation/stubs/brands/brand-resource.stub: OK
/reference/pkgs/raid/laravel-catalog-foundation/stubs/categories/create-category-request.stub: OK
/reference/pkgs/raid/laravel-catalog-foundation/stubs/categories/actions/find-category-action.stub: OK
/reference/pkgs/raid/laravel-catalog-foundation/stubs/categories/actions/update-category-action.stub: OK
/reference/pkgs/raid/laravel-catalog-foundation/stubs/categories/actions/delete-category-action.stub: OK
/reference/pkgs/raid/laravel-catalog-foundation/stubs/categories/actions/retrieve-paginate-category-action.stub: OK
/reference/pkgs/raid/laravel-catalog-foundation/stubs/categories/actions/create-category-action.stub: OK
/reference/pkgs/raid/laravel-catalog-foundation/stubs/categories/update-category-request.stub: OK
/reference/pkgs/raid/laravel-catalog-foundation/stubs/categories/category-controller.stub: OK
/reference/pkgs/raid/laravel-catalog-foundation/stubs/categories/category-controller-test.stub: OK
/reference/pkgs/raid/laravel-catalog-foundation/stubs/categories/list-categories-request.stub: OK
/reference/pkgs/raid/laravel-catalog-foundation/stubs/categories/category-factory.stub: OK
/reference/pkgs/raid/laravel-catalog-foundation/stubs/categories/category-resource.stub: OK
/reference/pkgs/raid/laravel-catalog-foundation/stubs/permissions/actions/sync-user-product-permissions-action.stub: OK
/reference/pkgs/raid/laravel-catalog-foundation/stubs/permissions/actions/sync-user-category-permissions-action.stub: OK
/reference/pkgs/raid/laravel-catalog-foundation/stubs/permissions/actions/sync-user-brand-permissions-action.stub: OK
/reference/pkgs/raid/laravel-catalog-foundation/stubs/permissions/sync-brand-permissions-request.stub: OK
/reference/pkgs/raid/laravel-catalog-foundation/stubs/permissions/sync-product-permissions-request.stub: OK
/reference/pkgs/raid/laravel-catalog-foundation/stubs/permissions/sync-category-permissions-request.stub: OK
/reference/pkgs/raid/laravel-catalog-foundation/stubs/permissions/catalog-permissions-controller.stub: OK
/reference/pkgs/raid/laravel-catalog-foundation/stubs/products/product-controller-test.stub: OK
/reference/pkgs/raid/laravel-catalog-foundation/stubs/products/actions/update-product-action.stub: OK
/reference/pkgs/raid/laravel-catalog-foundation/stubs/products/actions/create-product-action.stub: OK
/reference/pkgs/raid/laravel-catalog-foundation/stubs/products/actions/delete-product-action.stub: OK
/reference/pkgs/raid/laravel-catalog-foundation/stubs/products/actions/retrieve-paginate-product-action.stub: OK
/reference/pkgs/raid/laravel-catalog-foundation/stubs/products/actions/find-product-action.stub: OK
/reference/pkgs/raid/laravel-catalog-foundation/stubs/products/product-resource.stub: OK
/reference/pkgs/raid/laravel-catalog-foundation/stubs/products/update-product-request.stub: OK
/reference/pkgs/raid/laravel-catalog-foundation/stubs/products/list-products-request.stub: OK
/reference/pkgs/raid/laravel-catalog-foundation/stubs/products/product-factory.stub: OK
/reference/pkgs/raid/laravel-catalog-foundation/stubs/products/create-product-request.stub: OK
/reference/pkgs/raid/laravel-catalog-foundation/stubs/products/product-controller.stub: OK
/reference/pkgs/raid/laravel-catalog-foundation/stubs/catalog/catalog-service-provider.stub: OK
/reference/pkgs/raid/laravel-catalog-foundation/stubs/catalog/test-case.stub: OK
/reference/pkgs/raid/laravel-catalog-foundation/stubs/catalog/test-pest.stub: OK
/reference/pkgs/raid/laravel-catalog-foundation/stubs/catalog/catalog-route.stub: OK
/reference/pkgs/raid/laravel-catalog-foundation/stubs/regions/region-controller-test.stub: OK
/reference/pkgs/raid/laravel-catalog-foundation/stubs/regions/actions/find-region-action.stub: OK
/reference/pkgs/raid/laravel-catalog-foundation/stubs/regions/actions/create-region-action.stub: OK
/reference/pkgs/raid/laravel-catalog-foundation/stubs/regions/actions/update-region-action.stub: OK
/reference/pkgs/raid/laravel-catalog-foundation/stubs/regions/actions/retrieve-paginate-region-action.stub: OK
/reference/pkgs/raid/laravel-catalog-foundation/stubs/regions/actions/delete-region-action.stub: OK
/reference/pkgs/raid/laravel-catalog-foundation/stubs/regions/region-controller.stub: OK
/reference/pkgs/raid/laravel-catalog-foundation/stubs/regions/create-region-request.stub: OK
/reference/pkgs/raid/laravel-catalog-foundation/stubs/regions/list-regions-request.stub: OK
/reference/pkgs/raid/laravel-catalog-foundation/stubs/regions/region-resource.stub: OK
/reference/pkgs/raid/laravel-catalog-foundation/stubs/regions/update-region-request.stub: OK
/reference/pkgs/raid/laravel-catalog-foundation/stubs/regions/region-factory.stub: OK
/reference/pkgs/raid/laravel-catalog-foundation/AGENTS.md: OK
/reference/pkgs/raid/laravel-catalog-foundation/VERSION.md: OK
/reference/pkgs/raid/laravel-catalog-foundation/src/Scopes/AccessibleByUserScope.php: OK
/reference/pkgs/raid/laravel-catalog-foundation/src/CatalogFoundationEcosystemManifest.php: OK
/reference/pkgs/raid/laravel-catalog-foundation/src/CatalogFoundationServiceProvider.php: OK
/reference/pkgs/raid/laravel-catalog-foundation/src/Actions/Brand/FindBrandAction.php: OK
/reference/pkgs/raid/laravel-catalog-foundation/src/Actions/Brand/UpdateBrandAction.php: OK
/reference/pkgs/raid/laravel-catalog-foundation/src/Actions/Brand/CreateBrandAction.php: OK
/reference/pkgs/raid/laravel-catalog-foundation/src/Actions/Brand/RetrievePaginateBrandAction.php: OK
/reference/pkgs/raid/laravel-catalog-foundation/src/Actions/Brand/DeleteBrandAction.php: OK
/reference/pkgs/raid/laravel-catalog-foundation/src/Actions/Category/FindCategoryAction.php: OK
/reference/pkgs/raid/laravel-catalog-foundation/src/Actions/Category/CreateCategoryAction.php: OK
/reference/pkgs/raid/laravel-catalog-foundation/src/Actions/Category/RetrievePaginateCategoryAction.php: OK
/reference/pkgs/raid/laravel-catalog-foundation/src/Actions/Category/UpdateCategoryAction.php: OK
/reference/pkgs/raid/laravel-catalog-foundation/src/Actions/Category/DeleteCategoryAction.php: OK
/reference/pkgs/raid/laravel-catalog-foundation/src/Actions/Product/CreateProductAction.php: OK
/reference/pkgs/raid/laravel-catalog-foundation/src/Actions/Product/RetrievePaginateProductAction.php: OK
/reference/pkgs/raid/laravel-catalog-foundation/src/Actions/Product/UpdateProductAction.php: OK
/reference/pkgs/raid/laravel-catalog-foundation/src/Actions/Product/DeleteProductAction.php: OK
/reference/pkgs/raid/laravel-catalog-foundation/src/Actions/Product/FindProductAction.php: OK
/reference/pkgs/raid/laravel-catalog-foundation/src/Actions/Region/UpdateRegionAction.php: OK
/reference/pkgs/raid/laravel-catalog-foundation/src/Actions/Region/RetrievePaginateRegionAction.php: OK
/reference/pkgs/raid/laravel-catalog-foundation/src/Actions/Region/FindRegionAction.php: OK
/reference/pkgs/raid/laravel-catalog-foundation/src/Actions/Region/CreateRegionAction.php: OK
/reference/pkgs/raid/laravel-catalog-foundation/src/Actions/Region/DeleteRegionAction.php: OK
/reference/pkgs/raid/laravel-catalog-foundation/src/Actions/Permissions/SyncUserBrandPermissionsAction.php: OK
/reference/pkgs/raid/laravel-catalog-foundation/src/Actions/Permissions/SyncUserProductPermissionsAction.php: OK
/reference/pkgs/raid/laravel-catalog-foundation/src/Actions/Permissions/SyncUserCategoryPermissionsAction.php: OK
/reference/pkgs/raid/laravel-catalog-foundation/src/Integration/Support/ComposerPackageDetector.php: OK
/reference/pkgs/raid/laravel-catalog-foundation/src/Integration/Support/IntegrationDecision.php: OK
/reference/pkgs/raid/laravel-catalog-foundation/src/Integration/Support/IntegrationRunner.php: OK
/reference/pkgs/raid/laravel-catalog-foundation/src/Integration/Support/FileModifier.php: OK
/reference/pkgs/raid/laravel-catalog-foundation/src/Integration/Support/IntegrationStatus.php: OK
/reference/pkgs/raid/laravel-catalog-foundation/src/Integration/IntegrationRegistry.php: OK
/reference/pkgs/raid/laravel-catalog-foundation/src/Integration/Contracts/IntegrationHandlerInterface.php: OK
/reference/pkgs/raid/laravel-catalog-foundation/src/Integration/Handlers/MediaLibraryIntegrationHandler.php: OK
/reference/pkgs/raid/laravel-catalog-foundation/src/Integration/Handlers/AuditTrailIntegrationHandler.php: OK
/reference/pkgs/raid/laravel-catalog-foundation/src/helpers.php: OK
/reference/pkgs/raid/laravel-catalog-foundation/src/Repositories/Cache/CategoryRepositoryCache.php: OK
/reference/pkgs/raid/laravel-catalog-foundation/src/Repositories/Cache/BrandRepositoryCache.php: OK
/reference/pkgs/raid/laravel-catalog-foundation/src/Repositories/Cache/ProductRepositoryCache.php: OK
/reference/pkgs/raid/laravel-catalog-foundation/src/Repositories/RegionRepositoryEloquent.php: OK
/reference/pkgs/raid/laravel-catalog-foundation/src/Repositories/ProductRepositoryEloquent.php: OK
/reference/pkgs/raid/laravel-catalog-foundation/src/Repositories/Contracts/ProductRepository.php: OK
/reference/pkgs/raid/laravel-catalog-foundation/src/Repositories/Contracts/CategoryRepository.php: OK
/reference/pkgs/raid/laravel-catalog-foundation/src/Repositories/Contracts/RegionRepository.php: OK
/reference/pkgs/raid/laravel-catalog-foundation/src/Repositories/Contracts/BrandRepository.php: OK
/reference/pkgs/raid/laravel-catalog-foundation/src/Repositories/BrandRepositoryEloquent.php: OK
/reference/pkgs/raid/laravel-catalog-foundation/src/Repositories/CategoryRepositoryEloquent.php: OK
/reference/pkgs/raid/laravel-catalog-foundation/src/Enums/CacheKey.php: OK
/reference/pkgs/raid/laravel-catalog-foundation/src/Traits/HasCatalogPermissions.php: OK
/reference/pkgs/raid/laravel-catalog-foundation/src/Console/Commands/InstallCatalogFoundationCommand.php: OK
/reference/pkgs/raid/laravel-catalog-foundation/src/Console/Commands/IntegrateCatalogModulesCommand.php: OK
/reference/pkgs/raid/laravel-catalog-foundation/src/Console/Commands/InstallCatalogModuleCommand.php: OK
/reference/pkgs/raid/laravel-catalog-foundation/src/Models/UserProductPermission.php: OK
/reference/pkgs/raid/laravel-catalog-foundation/src/Models/Brand.php: OK
/reference/pkgs/raid/laravel-catalog-foundation/src/Models/Region.php: OK
/reference/pkgs/raid/laravel-catalog-foundation/src/Models/Product.php: OK
/reference/pkgs/raid/laravel-catalog-foundation/src/Models/UserBrandPermission.php: OK
/reference/pkgs/raid/laravel-catalog-foundation/src/Models/UserCategoryPermission.php: OK
/reference/pkgs/raid/laravel-catalog-foundation/src/Models/Category.php: OK
/reference/pkgs/raid/laravel-catalog-foundation/composer.json: OK
/reference/pkgs/raid/laravel-catalog-foundation/ECOSYSTEM.md: OK
/reference/pkgs/raid/laravel-catalog-foundation/README.md: OK
/reference/pkgs/raid/laravel-catalog-foundation/tests/TestCase.php: OK
/reference/pkgs/raid/laravel-catalog-foundation/tests/Pest.php: OK
/reference/app-modules/catalog/routes/catalog-routes.php: OK
/reference/app-modules/catalog/database/migrations/2026_05_06_210845_create_user_product_permissions_table.php: OK
/reference/app-modules/catalog/database/migrations/2026_05_06_210839_create_brands_table.php: OK
/reference/app-modules/catalog/database/migrations/2026_05_06_210843_create_user_brand_permissions_table.php: OK
/reference/app-modules/catalog/database/migrations/2026_05_06_210840_create_categories_table.php: OK
/reference/app-modules/catalog/database/migrations/2026_05_06_210844_create_user_category_permissions_table.php: OK
/reference/app-modules/catalog/database/migrations/2026_05_06_210841_create_regions_table.php: OK
/reference/app-modules/catalog/database/migrations/2026_05_06_210842_create_products_table.php: OK
/reference/app-modules/catalog/database/factories/CategoryFactory.php: OK
/reference/app-modules/catalog/database/factories/RegionFactory.php: OK
/reference/app-modules/catalog/database/factories/ProductFactory.php: OK
/reference/app-modules/catalog/database/factories/BrandFactory.php: OK
/reference/app-modules/catalog/src/Actions/Brand/FindBrandAction.php: OK
/reference/app-modules/catalog/src/Actions/Brand/UpdateBrandAction.php: OK
/reference/app-modules/catalog/src/Actions/Brand/CreateBrandAction.php: OK
/reference/app-modules/catalog/src/Actions/Brand/RetrievePaginateBrandAction.php: OK
/reference/app-modules/catalog/src/Actions/Brand/DeleteBrandAction.php: OK
/reference/app-modules/catalog/src/Actions/Category/FindCategoryAction.php: OK
/reference/app-modules/catalog/src/Actions/Category/CreateCategoryAction.php: OK
/reference/app-modules/catalog/src/Actions/Category/RetrievePaginateCategoryAction.php: OK
/reference/app-modules/catalog/src/Actions/Category/UpdateCategoryAction.php: OK
/reference/app-modules/catalog/src/Actions/Category/DeleteCategoryAction.php: OK
/reference/app-modules/catalog/src/Actions/Product/CreateProductAction.php: OK
/reference/app-modules/catalog/src/Actions/Product/RetrievePaginateProductAction.php: OK
/reference/app-modules/catalog/src/Actions/Product/UpdateProductAction.php: OK
/reference/app-modules/catalog/src/Actions/Product/DeleteProductAction.php: OK
/reference/app-modules/catalog/src/Actions/Product/FindProductAction.php: OK
/reference/app-modules/catalog/src/Actions/Region/UpdateRegionAction.php: OK
/reference/app-modules/catalog/src/Actions/Region/RetrievePaginateRegionAction.php: OK
/reference/app-modules/catalog/src/Actions/Region/FindRegionAction.php: OK
/reference/app-modules/catalog/src/Actions/Region/CreateRegionAction.php: OK
/reference/app-modules/catalog/src/Actions/Region/DeleteRegionAction.php: OK
/reference/app-modules/catalog/src/Actions/Permissions/SyncUserBrandPermissionsAction.php: OK
/reference/app-modules/catalog/src/Actions/Permissions/SyncUserProductPermissionsAction.php: OK
/reference/app-modules/catalog/src/Actions/Permissions/SyncUserCategoryPermissionsAction.php: OK
/reference/app-modules/catalog/src/Http/Controllers/CatalogPermissionsController.php: OK
/reference/app-modules/catalog/src/Http/Controllers/RegionController.php: OK
/reference/app-modules/catalog/src/Http/Controllers/ProductController.php: OK
/reference/app-modules/catalog/src/Http/Controllers/CategoryController.php: OK
/reference/app-modules/catalog/src/Http/Controllers/BrandController.php: OK
/reference/app-modules/catalog/src/Http/Resources/BrandResource.php: OK
/reference/app-modules/catalog/src/Http/Resources/RegionResource.php: OK
/reference/app-modules/catalog/src/Http/Resources/ProductResource.php: OK
/reference/app-modules/catalog/src/Http/Resources/CategoryResource.php: OK
/reference/app-modules/catalog/src/Http/Requests/Brand/ListBrandsRequest.php: OK
/reference/app-modules/catalog/src/Http/Requests/Brand/UpdateBrandRequest.php: OK
/reference/app-modules/catalog/src/Http/Requests/Brand/CreateBrandRequest.php: OK
/reference/app-modules/catalog/src/Http/Requests/Category/UpdateCategoryRequest.php: OK
/reference/app-modules/catalog/src/Http/Requests/Category/ListCategoriesRequest.php: OK
/reference/app-modules/catalog/src/Http/Requests/Category/CreateCategoryRequest.php: OK
/reference/app-modules/catalog/src/Http/Requests/Product/CreateProductRequest.php: OK
/reference/app-modules/catalog/src/Http/Requests/Product/UpdateProductRequest.php: OK
/reference/app-modules/catalog/src/Http/Requests/Product/ListProductsRequest.php: OK
/reference/app-modules/catalog/src/Http/Requests/Region/ListRegionsRequest.php: OK
/reference/app-modules/catalog/src/Http/Requests/Region/UpdateRegionRequest.php: OK
/reference/app-modules/catalog/src/Http/Requests/Region/CreateRegionRequest.php: OK
/reference/app-modules/catalog/src/Http/Requests/Permissions/SyncBrandPermissionsRequest.php: OK
/reference/app-modules/catalog/src/Http/Requests/Permissions/SyncProductPermissionsRequest.php: OK
/reference/app-modules/catalog/src/Http/Requests/Permissions/SyncCategoryPermissionsRequest.php: OK
/reference/app-modules/catalog/src/Providers/CatalogServiceProvider.php: OK
/reference/app-modules/catalog/composer.json: OK
/reference/app-modules/catalog/tests/Feature/BrandControllerTest.php: OK
/reference/app-modules/catalog/tests/Feature/CategoryControllerTest.php: OK
/reference/app-modules/catalog/tests/Feature/RegionControllerTest.php: OK
/reference/app-modules/catalog/tests/Feature/ProductControllerTest.php: OK
/reference/app-modules/catalog/tests/TestCase.php: OK
/reference/app-modules/catalog/tests/Pest.php: OK
/reference/artifacts/01-current-implementation.md: OK
/reference/artifacts/05-validation-and-handoff.md: OK
/reference/artifacts/02-package-learning-guide.md: OK
/reference/artifacts/04-staged-migration-plan.md: OK
/reference/artifacts/03-target-architecture.md: OK
/reference/artifacts/README.md: OK
